[circlesconference.com/index.html]
[backblue.gif]
[fade.gif]
[index.html]
[circlesconference.com/favicon.ico]
[circlesconference.com/ipad_icon.png]
[gmpg.org/xfn/11.html]
[fonts.googleapis.com/index.html]
[circlesconference.com/feed/index.html]
[ajax.googleapis.com/ajax/libs/jquery/3.4.1/jquery.min.js]
[circlesconference.com/wp-content/plugins/gravityforms/js/jquery.json.mina19e.js]
[circlesconference.com/wp-content/plugins/gravityforms/js/gravityforms.mina19e.js]
[circlesconference.com/wp-content/plugins/gravityforms/js/conditional_logic.mina19e.js]
[circlesconference.com/wp-content/plugins/gravityformscoupons/js/coupons.min128b.js]
[circlesconference.com/wp-content/plugins/gp-ecommerce-fields/js/gp-ecommerce-fields.min70e3.js]
[circlesconference.com/wp-content/plugins/wp-user-avatar/assets/flatpickr/flatpickr.min2cb6.js]
[circlesconference.com/wp-content/plugins/wp-user-avatar/assets/select2/select2.min2cb6.js]
[circlesconference.com/wp-json/wp/v2/pages/5.json]
[circlesconference.com/wp-json/index.html]
[circlesconference.com/xmlrpc0db0.php]
[circlesconference.com/wp-includes/wlwmanifest.xml]
[circlesconference.com/wp-json/oembed/1.0/embedc12c.json]
[circlesconference.com/wp-json/oembed/1.0/embeddd17]
[use.typekit.net/ecb7rmm.css]
[circlesconference.com/wp-content/themes/circlescocollective/js/labels.js]
[circlesconference.com/wp-content/themes/circlescocollective/js/magnific-popup.js]
[circlesconference.com/wp-content/themes/circlescocollective/js/goto.js]
[circlesconference.com/wp-content/themes/circlescocollective/js/fade.js]
[circlesconference.com/wp-content/themes/circlescocollective/js/init.js]
[circlesconference.com/wp-content/themes/circlescocollective/images/logo-circles.png]
[circlesconference.com/wp-content/themes/circlescocollective/images/circles-2023.png]
[circlesconference.com/wp-content/uploads/2022/11/geoff-600x600.jpg]
[circlesconference.com/wp-content/uploads/2022/12/natalie-600x600.jpg]
[circlesconference.com/wp-content/uploads/2022/12/amber-600x600.jpg]
[circlesconference.com/wp-content/uploads/2022/12/kevin-600x600.jpg]
[circlesconference.com/wp-content/uploads/2022/12/nick-600x600.jpg]
[circlesconference.com/wp-content/uploads/2022/12/lyndi-600x600.jpg]
[circlesconference.com/wp-content/uploads/2022/11/kwaku-600x600.jpg]
[circlesconference.com/wp-content/uploads/2022/11/jeremy-600x600.jpg]
[circlesconference.com/wp-content/uploads/2019/11/andrew-2-600x600.jpg]
[circlesconference.com/wp-content/uploads/2022/10/photo-2.png]
[circlesconference.com/wp-content/uploads/2019/11/aaron-1-600x600.png]
[circlesconference.com/wp-content/uploads/2019/11/jessica-600x600.png]
[circlesconference.com/wp-content/uploads/2019/11/james-600x600.png]
[circlesconference.com/wp-content/uploads/2019/11/jay-600x600.png]
[circlesconference.com/wp-content/uploads/2022/12/yellowbox.png]
[circlesconference.com/wp-content/uploads/2019/11/printed-2.png]
[circlesconference.com/wp-content/uploads/2019/11/kinf-2.png]
[circlesconference.com/wp-content/uploads/2019/11/p-aaf-2.png]
[circlesconference.com/wp-content/uploads/2022/11/circles-sponsorship-2023.pdf]
[circlesconference.com/wp-content/uploads/2022/10/photo-1.jpg]
[circlesconference.com/wp-includes/js/dist/vendor/regenerator-runtime.min3937.js]
[circlesconference.com/wp-includes/js/dist/vendor/wp-polyfill.min2c7c.js]
[circlesconference.com/wp-includes/js/dist/dom-ready.minded6.js]
[circlesconference.com/wp-includes/js/dist/hooks.min6c65.js]
[circlesconference.com/wp-includes/js/dist/i18n.mine57b.js]
[circlesconference.com/wp-includes/js/dist/a11y.min65c7.js]
[circlesconference.com/wp-content/plugins/gravityforms/js/placeholders.jquery.mina19e.js]
[circlesconference.com/wp-content/plugins/wp-user-avatar/assets/js/frontend.min2cb6.js]
[circlesconference.com/wp-content/themes/circlescocollective/js/navigation5152.js]
[circlesconference.com/wp-content/themes/circlescocollective/js/fluidvids.js]
[www.google-analytics.com/analytics.js]
[circlesconference.com/index.html]
[gmpg.org/xfn/default.css]
[gmpg.org/xfn/.html]
[gmpg.org/xfn/intro.html]
[gmpg.org/xfn/faq.html]
[gmpg.org/xfn/11.html]
[circlesconference.com/xmlrpc.php]
[ajax.googleapis.com/index.html]
[fonts.googleapis.com/index.html]
[fonts.googleapis.com/css9d1f.css]
[fonts.googleapis.com/css6dc4.css]
[circlesconference.com/register/index.html]
[gmpg.org/xfn/.html]
[gmpg.org/xfn/intro.html]
[gmpg.org/xfn/faq.html]
[circlesconference.com/registration/index.html]
[circlesconference.com/wp-json/wp/v2/pages/301.json]
[circlesconference.com/wp-json/oembed/1.0/embeda967.json]
[circlesconference.com/wp-json/oembed/1.0/embed470c]
[circlesconference.com/wp-content/uploads/2022/10/bg-scratches-scaled.jpg]
[circlesconference.com/wp-content/uploads/2022/10/circles-form.jpg]
[circlesconference.com/wp-content/plugins/gravityformscoupons/images/spinner.gif]
[circlesconference.com/group-registration/index.html]
[verify.authorize.net/anetseal/seal.js]
[circlesconference.com/wp-content/themes/circlescocollective/images/ssl.gif]
[circlesconference.com/wp-content/themes/circlescocollective/images/ajax-loader.gif]
[circlesconference.com/registration/index.html]
[circlesconference.com/index8a7d.html]
[circlesconference.com/wp-json/wp/v2/pages/329.json]
[circlesconference.com/wp-json/oembed/1.0/embed8610.json]
[circlesconference.com/group-registration/index.html]
[circlesconference.com/wp-json/oembed/1.0/embedd698]
[circlesconference.com/index834e.html]
[circlesconference.com/feed/index.html]
[circlesconference.com/wp-content/plugins/gravityforms/legacy/css/formreset.mina19e.css]
[circlesconference.com/wp-json/index.html]
[ajax.googleapis.com/ajax/libs/jquery/3.4.1/jquery.min.js]
[circlesconference.com/wp-content/plugins/gravityforms/legacy/css/chosen-sprite.png]
[circlesconference.com/wp-json/wp/v2/pages/5.json]
[circlesconference.com/xmlrpc0db0.php]
[circlesconference.com/wp-content/plugins/gravityforms/legacy/css/chosen-sprite@2x.png]
[circlesconference.com/wp-content/plugins/gravityforms/legacy/css/formsmain.mina19e.css]
[circlesconference.com/wp-content/plugins/gravityforms/legacy/css/readyclass.mina19e.css]
[circlesconference.com/wp-json/oembed/1.0/embedc12c.json]
[circlesconference.com/wp-json/oembed/1.0/embeddd17]
[circlesconference.com/wp-content/plugins/gravityforms/legacy/css/browsers.mina19e.css]
[circlesconference.com/wp-content/plugins/gravityformscoupons/images/remove.png]
[circlesconference.com/wp-content/plugins/gravityformscoupons/assets/css/dist/theme.min128b.css]
[circlesconference.com/wp-includes/css/dist/block-library/style.min6a4d.css]
[circlesconference.com/wp-includes/css/classic-themes.min68b3.css]
[circlesconference.com/wp-content/plugins/wp-user-avatar/assets/css/material-icons/MaterialIcons-Regular.woff2]
[circlesconference.com/wp-json/wp/v2/pages/301.json]
[circlesconference.com/wp-json/oembed/1.0/embeda967.json]
[circlesconference.com/wp-content/plugins/wp-user-avatar/assets/css/material-icons/MaterialIcons-Regular.woff]
[circlesconference.com/wp-json/oembed/1.0/embed470c]
[circlesconference.com/wp-content/plugins/wp-user-avatar/assets/images/frontend/arrow-down.png]
[circlesconference.com/wp-json/oembed/1.0/embed8610.json]
[circlesconference.com/wp-json/wp/v2/pages/329.json]
[circlesconference.com/wp-content/plugins/wp-user-avatar/assets/css/frontend.min2cb6.css]
[circlesconference.com/wp-content/plugins/wp-user-avatar/assets/flatpickr/flatpickr.min2cb6.css]
[circlesconference.com/wp-content/plugins/wp-user-avatar/assets/select2/select2.min6a4d.css]
[circlesconference.com/wp-content/themes/circlescocollective/style6a4d.css]
[circlesconference.com/wp-content/themes/circlescocollective/css/webfonts/3477F4_0_0.eot]
[circlesconference.com/wp-content/themes/circlescocollective/css/webfonts/3477F4_0_0d41d.eot]
[circlesconference.com/wp-content/themes/circlescocollective/css/webfonts/3477F4_0_0.woff2]
[circlesconference.com/wp-content/themes/circlescocollective/css/webfonts/3477F4_0_0.woff]
[circlesconference.com/wp-content/themes/circlescocollective/css/webfonts/3477F4_0_0.ttf]
[circlesconference.com/wp-content/themes/circlescocollective/css/webfonts/3477F4_1_0.eot]
[circlesconference.com/wp-content/themes/circlescocollective/css/webfonts/3477F4_1_0d41d.eot]
[circlesconference.com/wp-content/themes/circlescocollective/css/webfonts/3477F4_1_0.woff2]
[circlesconference.com/wp-content/themes/circlescocollective/css/webfonts/3477F4_1_0.woff]
[circlesconference.com/wp-content/themes/circlescocollective/css/webfonts/3477F4_1_0.ttf]
[circlesconference.com/wp-content/themes/circlescocollective/css/webfonts/3477F4_2_0.eot]
[circlesconference.com/wp-content/themes/circlescocollective/css/webfonts/3477F4_2_0d41d.eot]
[circlesconference.com/wp-content/themes/circlescocollective/css/webfonts/3477F4_2_0.woff2]
[circlesconference.com/wp-content/themes/circlescocollective/css/webfonts/3477F4_2_0.woff]
[circlesconference.com/wp-content/themes/circlescocollective/css/webfonts/3477F4_2_0.ttf]
[circlesconference.com/wp-content/themes/circlescocollective/css/webfonts/3477F4_3_0.eot]
[circlesconference.com/wp-content/themes/circlescocollective/css/webfonts/3477F4_3_0d41d.eot]
[circlesconference.com/wp-content/themes/circlescocollective/css/webfonts/3477F4_3_0.woff2]
[circlesconference.com/wp-content/themes/circlescocollective/css/webfonts/3477F4_3_0.woff]
[circlesconference.com/wp-content/themes/circlescocollective/css/webfonts/3477F4_3_0.ttf]
[circlesconference.com/wp-content/themes/circlescocollective/css/webfonts/3477F4_4_0.eot]
[circlesconference.com/wp-content/themes/circlescocollective/css/webfonts/3477F4_4_0d41d.eot]
[circlesconference.com/wp-content/themes/circlescocollective/css/webfonts/3477F4_4_0.woff2]
[circlesconference.com/wp-content/themes/circlescocollective/css/webfonts/3477F4_4_0.woff]
[circlesconference.com/wp-content/themes/circlescocollective/css/webfonts/3477F4_4_0.ttf]
[circlesconference.com/wp-content/themes/circlescocollective/css/myfonts.css]
[circlesconference.com/wp-content/themes/circlescocollective/images/bg-scratches.jpg]
[circlesconference.com/wp-content/themes/circlescocollective/images/bg-scratches-2.jpg]
[circlesconference.com/wp-content/themes/circlescocollective/images/bg-white-2.jpg]
[circlesconference.com/wp-content/themes/circlescocollective/css/style-master.css]
[circlesconference.com/wp-content/themes/circlescocollective/css/print.css]
[circlesconference.com/wp-content/themes/circlescocollective/js/magnific-popup.css]
[use.typekit.net/af/e3ed45/00000000000000007735e602/30/lc150]
[use.typekit.net/af/e3ed45/00000000000000007735e602/30/dc150]
[use.typekit.net/af/e3ed45/00000000000000007735e602/30/ac150]
[use.typekit.net/af/d83550/00000000000000007735e60a/30/lca71]
[use.typekit.net/af/d83550/00000000000000007735e60a/30/dca71]
[use.typekit.net/af/d83550/00000000000000007735e60a/30/aca71]
[use.typekit.net/af/2555e1/00000000000000007735e603/30/l652f]
[use.typekit.net/af/2555e1/00000000000000007735e603/30/d652f]
[use.typekit.net/af/2555e1/00000000000000007735e603/30/a652f]
[use.typekit.net/af/4de20a/00000000000000007735e604/30/le265]
[use.typekit.net/af/4de20a/00000000000000007735e604/30/de265]
[use.typekit.net/af/4de20a/00000000000000007735e604/30/ae265]
[use.typekit.net/af/8738d8/00000000000000007735e611/30/l7238]
[use.typekit.net/af/8738d8/00000000000000007735e611/30/d7238]
[use.typekit.net/af/8738d8/00000000000000007735e611/30/a7238]
[use.typekit.net/af/58acf5/00000000000000007735e622/30/lfac7]
[use.typekit.net/af/58acf5/00000000000000007735e622/30/dfac7]
[use.typekit.net/af/58acf5/00000000000000007735e622/30/afac7]
[use.typekit.net/af/154cda/00000000000000007735e601/30/l6129]
[use.typekit.net/af/154cda/00000000000000007735e601/30/d6129]
[use.typekit.net/af/154cda/00000000000000007735e601/30/a6129]
[use.typekit.net/af/7283cd/00000000000000007735e608/30/l885e]
[use.typekit.net/af/7283cd/00000000000000007735e608/30/d885e]
[use.typekit.net/af/7283cd/00000000000000007735e608/30/a885e]
[use.typekit.net/af/78aca8/00000000000000007735e60d/30/l5bba]
[use.typekit.net/af/78aca8/00000000000000007735e60d/30/d5bba]
[use.typekit.net/af/78aca8/00000000000000007735e60d/30/a5bba]
[use.typekit.net/af/144da4/00000000000000007735e619/30/l1f8b]
[use.typekit.net/af/144da4/00000000000000007735e619/30/d1f8b]
[use.typekit.net/af/144da4/00000000000000007735e619/30/a1f8b]
[use.typekit.net/af/efe4a5/00000000000000007735e609/30/le196]
[use.typekit.net/af/efe4a5/00000000000000007735e609/30/de196]
[use.typekit.net/af/efe4a5/00000000000000007735e609/30/ae196]
[use.typekit.net/af/3322cc/00000000000000007735e616/30/lfdcc]
[use.typekit.net/af/3322cc/00000000000000007735e616/30/dfdcc]
[use.typekit.net/af/3322cc/00000000000000007735e616/30/afdcc]
[use.typekit.net/af/1be3c2/00000000000000007735e606/30/l3eab]
[use.typekit.net/af/1be3c2/00000000000000007735e606/30/d3eab]
[use.typekit.net/af/1be3c2/00000000000000007735e606/30/a3eab]
[use.typekit.net/af/40d372/00000000000000007735e607/30/laaa3]
[use.typekit.net/af/40d372/00000000000000007735e607/30/daaa3]
[use.typekit.net/af/40d372/00000000000000007735e607/30/aaaa3]
[use.typekit.net/af/23e139/00000000000000007735e605/30/le003]
[use.typekit.net/af/23e139/00000000000000007735e605/30/de003]
[use.typekit.net/af/23e139/00000000000000007735e605/30/ae003]
[use.typekit.net/af/79862c/00000000000000007735e60e/30/laf99]
[use.typekit.net/af/79862c/00000000000000007735e60e/30/daf99]
[use.typekit.net/af/79862c/00000000000000007735e60e/30/aaf99]
[use.typekit.net/af/15606c/00000000000000007735e60c/30/l652f]
[use.typekit.net/af/15606c/00000000000000007735e60c/30/d652f]
[use.typekit.net/af/15606c/00000000000000007735e60c/30/a652f]
[use.typekit.net/af/1ea53e/00000000000000007735e61d/30/le265]
[use.typekit.net/af/1ea53e/00000000000000007735e61d/30/de265]
[use.typekit.net/af/1ea53e/00000000000000007735e61d/30/ae265]
[use.typekit.net/af/1ea53e/00000000000000007735e61d/30/ae265]
[use.typekit.net/af/669f97/00000000000000007735e623/30/le196]
[use.typekit.net/af/669f97/00000000000000007735e623/30/de196]
[use.typekit.net/af/669f97/00000000000000007735e623/30/ae196]
[use.typekit.net/af/4d69d6/00000000000000007735e62c/30/lfdcc]
[use.typekit.net/af/4d69d6/00000000000000007735e62c/30/dfdcc]
[use.typekit.net/af/4d69d6/00000000000000007735e62c/30/afdcc]
[use.typekit.net/af/de3701/00000000000000007735e618/30/le265]
[use.typekit.net/af/de3701/00000000000000007735e618/30/de265]
[use.typekit.net/af/de3701/00000000000000007735e618/30/ae265]
[use.typekit.net/af/7cc641/00000000000000007735e60b/30/l652f]
[use.typekit.net/af/7cc641/00000000000000007735e60b/30/d652f]
[use.typekit.net/af/7cc641/00000000000000007735e60b/30/a652f]
[use.typekit.net/af/6a4fa5/00000000000000007735e629/30/lfdcc]
[use.typekit.net/af/6a4fa5/00000000000000007735e629/30/dfdcc]
[use.typekit.net/af/6a4fa5/00000000000000007735e629/30/afdcc]
[use.typekit.net/af/4c1fee/00000000000000007735e620/30/le196]
[use.typekit.net/af/4c1fee/00000000000000007735e620/30/de196]
[use.typekit.net/af/4c1fee/00000000000000007735e620/30/ae196]
[use.typekit.net/af/dc826d/00000000000000007735a037/30/le196]
[use.typekit.net/af/dc826d/00000000000000007735a037/30/de196]
[use.typekit.net/af/dc826d/00000000000000007735a037/30/ae196]
[use.typekit.net/af/7174e7/00000000000000007735aa82/30/le196]
[use.typekit.net/af/7174e7/00000000000000007735aa82/30/de196]
[use.typekit.net/af/7174e7/00000000000000007735aa82/30/de196]
[use.typekit.net/af/7174e7/00000000000000007735aa82/30/ae196]
[use.typekit.net/af/7aca49/00000000000000007735aa84/30/le196]
[use.typekit.net/af/7aca49/00000000000000007735aa84/30/de196]
[use.typekit.net/af/7aca49/00000000000000007735aa84/30/de196]
[use.typekit.net/af/7aca49/00000000000000007735aa84/30/ae196]
[use.typekit.net/ecb7rmm.css]
[circlesconference.com/wp-content/themes/circlescocollective/758742/AA8BD0B37AC89D633.css]
[gmpg.org/xfn/default.css]
[circlesconference.com/index8a7d.html]
[circlesconference.com/group-registration/index.html]
[circlesconference.com/index834e.html]
[circlesconference.com/wp-json/oembed/1.0/embedd698]
[circlesconference.com/wp-content/plugins/gravityforms/images/gf-creditcards.svg]
[circlesconference.com/wp-content/plugins/gravityforms/images/gf-creditcards-check.svg]
[circlesconference.com/wp-content/plugins/wp-user-avatar/assets/images/social-login/google.svg]
[circlesconference.com/wp-content/plugins/wp-user-avatar/assets/images/social-login/vk-fa.svg]
[circlesconference.com/wp-content/plugins/wp-user-avatar/assets/images/social-login/microsoft.svg]
[circlesconference.com/wp-content/plugins/wp-user-avatar/assets/images/social-login/amazon.svg]
[circlesconference.com/wp-content/plugins/wp-user-avatar/assets/images/social-login/yahoo.svg]
[circlesconference.com/wp-content/plugins/wp-user-avatar/assets/images/social-login/wpcom.svg]
[circlesconference.com/wp-content/plugins/wp-user-avatar/assets/images/social-login/facebook.svg]
[circlesconference.com/wp-content/plugins/wp-user-avatar/assets/images/social-login/twitter.svg]
[circlesconference.com/wp-content/plugins/wp-user-avatar/assets/images/social-login/linkedin.svg]
[circlesconference.com/wp-content/plugins/wp-user-avatar/assets/images/social-login/github-fa.svg]
[circlesconference.com/wp-content/themes/circlescocollective/images/select-arrow.svg]
[circlesconference.com/wp-content/themes/circlescocollective/images/icon-calendar.html]
[circlesconference.com/wp-content/themes/circlescocollective/images/icon-search.html]
[circlesconference.com/wp-content/themes/circlescocollective/images/icon-currency.html]
[circlesconference.com/wp-content/themes/circlescocollective/images/church_media_logo.html]
[circlesconference.com/wp-content/themes/circlescocollective/images/btn/btn_next.html]
[circlesconference.com/wp-content/themes/circlescocollective/images/bg_header@2x.html]
[p.typekit.net/p10b7.css]
