[collegefest.com/index.html]
[collegefest.com/wp-content/uploads/2017/06/favicon.ico]
[backblue.gif]
[fade.gif]
[index.html]
[collegefest.com/wp-includes/css/dist/block-library/style.min1eb7.css]
[collegefest.com/comments/feed/index.html]
[collegefest.com/wp-content/plugins/wordpress-popular-posts/assets/css/wpp52c7.css]
[collegefest.com/feed/index.html]
[collegefest.com/wp-content/themes/collegefest/style1eb7.css]
[collegefest.com/wp-includes/css/buttons.min1eb7.css]
[collegefest.com/wp-includes/js/mediaelement/mediaelementplayer-legacy.min08e1.css]
[collegefest.com/wp-includes/css/dashicons.min1eb7.css]
[collegefest.com/wp-includes/js/mediaelement/wp-mediaelement.min1eb7.css]
[collegefest.com/wp-includes/css/media-views.min1eb7.css]
[collegefest.com/wp-includes/js/imgareaselect/imgareaselect3bf4.css]
[collegefest.com/wp-content/themes/eventum/quick-preset1eb7.php]
[collegefest.com/wp-content/themes/eventum/quick-style1eb7.php]
[collegefest.com/wp-content/plugins/tablepress/css/default.mind50e.css]
[collegefest.com/wp-content/plugins/js_composer/assets/css/js_composer.min7752.css]
[collegefest.com/wp-content/plugins/ubermenu/pro/assets/css/ubermenu.min2c3d.css]
[collegefest.com/wp-content/plugins/ubermenu/assets/css/skins/blackwhite21eb7.css]
[collegefest.com/wp-content/plugins/ubermenu/assets/css/fontawesome/css/font-awesome.mind7b7.css]
[collegefest.com/wp-content/uploads/smile_fonts/Defaults/Defaults1eb7.css]
[collegefest.com/wp-content/plugins/Ultimate_VC_Addons/assets/min-css/ultimate.mina826.css]
[collegefest.com/wp-content/plugins/Ultimate_VC_Addons/assets/css/iconsa826.css]
[collegefest.com/wp-content/plugins/Ultimate_VC_Addons/assets/fonts/vidcons1eb7.css]
[collegefest.com/wp-content/plugins/convertplug/admin/assets/css/perfect-scrollbar.min1eb7.css]
[collegefest.com/wp-content/plugins/convertplug/modules/info_bar/assets/css/info_bar.min1eb7.css]
[collegefest.com/wp-content/plugins/wordpress-popular-posts/assets/js/wpp.min52c7.js]
[collegefest.com/wp-includes/js/jquery/jquery.minaf6c.js]
[collegefest.com/wp-includes/js/jquery/jquery-migrate.mind617.js]
[collegefest.com/wp-includes/js/utils.min1eb7.js]
[collegefest.com/wp-includes/js/plupload/moxie.mine34c.js]
[collegefest.com/wp-includes/js/plupload/plupload.min6c17.js]
[collegefest.com/wp-includes/js/jquery/ui/core.min0028.js]
[collegefest.com/wp-content/plugins/Ultimate_VC_Addons/assets/min-js/modernizr-custom.mina826.js]
[collegefest.com/wp-content/plugins/Ultimate_VC_Addons/assets/min-js/ultimate.mina826.js]
[collegefest.com/wp-content/plugins/Ultimate_VC_Addons/assets/min-js/modal-all.mina826.js]
[collegefest.com/wp-content/plugins/Ultimate_VC_Addons/assets/min-js/jparallax.min1eb7.js]
[collegefest.com/wp-content/plugins/Ultimate_VC_Addons/assets/min-js/vhparallax.min1eb7.js]
[collegefest.com/wp-content/plugins/Ultimate_VC_Addons/assets/min-js/mb-YTPlayer.min1eb7.js]
[collegefest.com/wp-json/wp/v2/pages/593.html]
[collegefest.com/wp-json/index.html]
[collegefest.com/wp-includes/wlwmanifest.xml]
[collegefest.com/wp-json/oembed/1.0/embed35c7.json]
[collegefest.com/wp-content/uploads/2016/01/cta-bg3.jpg]
[secure.leadforensics.com/js/46888.js]
[collegefest.com/wp-content/uploads/2017/08/collegefest-philly1-min.jpg]
[collegefest.com/wp-content/uploads/2017/08/boston1-min.jpg]
[collegefest.com/wp-content/uploads/2017/08/menu-img1-min.jpg]
[collegefest.com/events/index.html]
[collegefest.com/events/collegefest-philly/index.html]
[collegefest.com/wp-content/uploads/2017/08/college-fest-logo-resized.png]
[collegefest.com/wp-content/uploads/2022/01/College-Fest-2022.jpg]
[collegefest.com/events/boston/index.html]
[collegefest.com/for-sponsors/index.html]
[collegefest.com/about-us/index.html]
[collegefest.com/wp-content/uploads/2016/01/upcoming-1-min.jpg]
[collegefest.com/the-collegefest-blog/index.html]
[collegefest.com/wp-content/uploads/2016/01/clghome2-1-min.jpg]
[collegefest.com/wp-content/uploads/2020/07/drive-in-750x400.jpg]
[collegefest.com/sponsor-application/index.html]
[collegefest.com/wp-content/uploads/2020/07/sign.jpg]
[collegefest.com/socially-distant-summer-part2/index.html]
[collegefest.com/wp-content/uploads/2020/02/15715993453_8642f19631_k-750x400.jpg]
[collegefest.com/socially-distant-summer/index.html]
[collegefest.com/wp-content/uploads/2015/09/facebook.png]
[collegefest.com/weekendguide-8-28-3-1/index.html]
[collegefest.com/wp-content/uploads/2015/09/twitter.png]
[collegefest.com/wp-content/uploads/2017/08/instagram1-1.png]
[www.googleadservices.com/pagead/f.txt]
[collegefest.com/wp-content/plugins/convertplug/modules/info_bar/assets/demos/weekly_article/weekly_article.min.css]
[collegefest.com/wp-content/uploads/2017/07/gift.png]
[collegefest.com/wp-content/plugins/convertplug/modules/assets/images/black.png]
[collegefest.com/wp-content/plugins/Ultimate_VC_Addons/assets/min-css/background-style.mina826.css]
[collegefest.com/wp-content/plugins/js_composer/assets/css/js_composer_tta.min7752.css]
[collegefest.com/wp-content/plugins/js_composer/assets/lib/bower/font-awesome/css/font-awesome.min7752.css]
[collegefest.com/wp-content/themes/eventum/js/bootstrap.min1eb7.js]
[collegefest.com/wp-content/plugins/Ultimate_VC_Addons/assets/min-js/count-timer.mina826.js]
[collegefest.com/wp-content/themes/eventum/js/jquery.magnific-popup.min1eb7.js]
[collegefest.com/wp-content/themes/eventum/js/loopcounter1eb7.js]
[collegefest.com/wp-content/themes/eventum/js/gmaps1eb7.js]
[collegefest.com/wp-content/themes/eventum/js/queryloader2.min1eb7.js]
[collegefest.com/wp-includes/js/underscore.minb37e.js]
[collegefest.com/wp-includes/js/shortcode.min1eb7.js]
[collegefest.com/wp-includes/js/backbone.min330a.js]
[collegefest.com/wp-includes/js/wp-util.min1eb7.js]
[collegefest.com/wp-includes/js/wp-backbone.min1eb7.js]
[collegefest.com/wp-includes/js/media-models.min1eb7.js]
[collegefest.com/wp-includes/js/plupload/wp-plupload.min1eb7.js]
[collegefest.com/wp-includes/js/jquery/ui/mouse.min0028.js]
[collegefest.com/wp-includes/js/jquery/ui/sortable.min0028.js]
[collegefest.com/wp-includes/js/mediaelement/mediaelement-and-player.min08e1.js]
[collegefest.com/wp-includes/js/mediaelement/mediaelement-migrate.min1eb7.js]
[collegefest.com/wp-includes/js/mediaelement/wp-mediaelement.min1eb7.js]
[collegefest.com/wp-includes/js/api-request.min1eb7.js]
[collegefest.com/wp-includes/js/dist/vendor/regenerator-runtime.min3937.js]
[collegefest.com/wp-includes/js/dist/vendor/wp-polyfill.min2c7c.js]
[collegefest.com/wp-includes/js/dist/dom-ready.min9aec.js]
[collegefest.com/wp-includes/js/dist/hooks.mincbb5.js]
[collegefest.com/wp-includes/js/dist/i18n.min771a.js]
[collegefest.com/wp-includes/js/dist/a11y.min416f.js]
[collegefest.com/wp-includes/js/clipboard.min6471.js]
[collegefest.com/wp-includes/js/media-views.min1eb7.js]
[collegefest.com/wp-includes/js/media-editor.min1eb7.js]
[collegefest.com/wp-includes/js/media-audiovideo.min1eb7.js]
[collegefest.com/wp-content/themes/eventum/js/main1eb7.js]
[collegefest.com/wp-content/plugins/easy-twitter-feed-widget/js/twitter-widgets5152.js]
[collegefest.com/wp-content/plugins/ubermenu/assets/js/ubermenu.min2c3d.js]
[collegefest.com/wp-includes/js/imagesloaded.mineda1.js]
[collegefest.com/wp-includes/js/masonry.min3a05.js]
[collegefest.com/wp-includes/js/jquery/ui/slider.min0028.js]
[collegefest.com/wp-content/plugins/js_composer/assets/js/dist/js_composer_front.min7752.js]
[collegefest.com/wp-content/plugins/Ultimate_VC_Addons/assets/min-js/jquery-appear.mina826.js]
[collegefest.com/wp-content/plugins/Ultimate_VC_Addons/assets/min-js/ultimate_bg.min1eb7.js]
[collegefest.com/wp-content/plugins/Ultimate_VC_Addons/assets/min-js/custom.mina826.js]
[collegefest.com/wp-content/plugins/js_composer/assets/lib/vc_accordion/vc-accordion.min7752.js]
[collegefest.com/wp-content/plugins/js_composer/assets/lib/vc-tta-autoplay/vc-tta-autoplay.min7752.js]
[collegefest.com/wp-content/plugins/js_composer/assets/lib/vc_tabs/vc-tabs.min7752.js]
[collegefest.com/wp-content/plugins/convertplug/modules/assets/js/idle-timer.min.js]
[collegefest.com/index.html]
[collegefest.com/wp-includes/css/dist/block-library/style.min1eb7.css]
[collegefest.com/wp-content/plugins/wordpress-popular-posts/assets/css/wpp52c7.css]
[collegefest.com/wp-content/plugins/convertplug/modules/info_bar/assets/js/info_bar.min1eb7.js]
[collegefest.com/wp-content/themes/collegefest/style1eb7.css]
[collegefest.com/wp-includes/css/buttons.min1eb7.css]
[collegefest.com/wp-content/themes/eventum/style.css]
[collegefest.com/wp-includes/fonts/dashicons7d4b.eot]
[collegefest.com/wp-includes/fonts/dashicons7d4b.ttf]
[collegefest.com/wp-includes/css/dashicons.min1eb7.css]
[collegefest.com/wp-includes/js/mediaelement/mediaelementplayer-legacy.min08e1.css]
[collegefest.com/wp-includes/js/mediaelement/wp-mediaelement.min1eb7.css]
[collegefest.com/wp-includes/js/mediaelement/mejs-controls.svg]
[collegefest.com/wp-includes/images/uploader-icons.png]
[collegefest.com/wp-includes/images/spinner.gif]
[collegefest.com/wp-includes/images/uploader-icons-2x.png]
[collegefest.com/wp-includes/images/spinner-2x.gif]
[collegefest.com/wp-includes/css/media-views.min1eb7.css]
[collegefest.com/wp-includes/js/imgareaselect/border-anim-v.gif]
[collegefest.com/wp-includes/js/imgareaselect/border-anim-h.gif]
[collegefest.com/wp-includes/js/imgareaselect/imgareaselect3bf4.css]
[collegefest.com/wp-content/themes/eventum/quick-preset1eb7.html]
[collegefest.com/wp-content/themes/eventum/quick-style1eb7.html]
[collegefest.com/wp-content/plugins/tablepress/css/default.mind50e.html]
[collegefest.com/wp-content/plugins/js_composer/assets/vc/alert.png]
[collegefest.com/wp-content/plugins/js_composer/assets/vc/info.png]
[collegefest.com/wp-content/plugins/js_composer/assets/vc/tick.png]
[collegefest.com/wp-content/plugins/js_composer/assets/vc/exclamation.png]
[collegefest.com/wp-content/plugins/js_composer/assets/images/icons/address-book.png]
[collegefest.com/wp-content/plugins/js_composer/assets/images/icons/alarm-clock.png]
[collegefest.com/wp-content/plugins/js_composer/assets/images/icons/anchor.png]
[collegefest.com/wp-content/plugins/js_composer/assets/images/icons/application-image.png]
[collegefest.com/wp-content/plugins/js_composer/assets/images/icons/arrow.png]
[collegefest.com/wp-content/plugins/js_composer/assets/images/icons/asterisk.png]
[collegefest.com/wp-content/plugins/js_composer/assets/images/icons/auction-hammer.png]
[collegefest.com/wp-content/plugins/js_composer/assets/images/icons/balloon.png]
[collegefest.com/wp-content/plugins/js_composer/assets/images/icons/balloon-buzz.png]
[collegefest.com/wp-content/plugins/js_composer/assets/images/icons/balloon-facebook.png]
[collegefest.com/wp-content/plugins/js_composer/assets/images/icons/balloon-twitter.png]
[collegefest.com/wp-content/plugins/js_composer/assets/images/icons/battery-full.png]
[collegefest.com/wp-content/plugins/js_composer/assets/images/icons/binocular.png]
[collegefest.com/wp-content/plugins/js_composer/assets/images/icons/blue-document-excel.png]
[collegefest.com/wp-content/plugins/js_composer/assets/images/icons/blue-document-image.png]
[collegefest.com/wp-content/plugins/js_composer/assets/images/icons/blue-document-music.png]
[collegefest.com/wp-content/plugins/js_composer/assets/images/icons/blue-document-office.png]
[collegefest.com/wp-content/plugins/js_composer/assets/images/icons/blue-document-pdf.png]
[collegefest.com/wp-content/plugins/js_composer/assets/images/icons/blue-document-powerpoint.png]
[collegefest.com/wp-content/plugins/js_composer/assets/images/icons/blue-document-word.png]
[collegefest.com/wp-content/plugins/js_composer/assets/images/icons/bookmark.png]
[collegefest.com/wp-content/plugins/js_composer/assets/images/icons/camcorder.png]
[collegefest.com/wp-content/plugins/js_composer/assets/images/icons/camera.png]
[collegefest.com/wp-content/plugins/js_composer/assets/images/icons/chart.png]
[collegefest.com/wp-content/plugins/js_composer/assets/images/icons/chart-pie.png]
[collegefest.com/wp-content/plugins/js_composer/assets/images/icons/clock.png]
[collegefest.com/wp-content/plugins/js_composer/assets/images/icons/control.png]
[collegefest.com/wp-content/plugins/js_composer/assets/images/icons/fire.png]
[collegefest.com/wp-content/plugins/js_composer/assets/images/icons/heart.png]
[collegefest.com/wp-content/plugins/js_composer/assets/images/icons/mail.png]
[collegefest.com/wp-content/plugins/js_composer/assets/images/icons/plus-shield.png]
[collegefest.com/wp-content/plugins/js_composer/assets/images/icons/video.png]
[collegefest.com/wp-content/plugins/js_composer/assets/fonts/vc_icons/fonts/VC-Icons8309.ttf]
[collegefest.com/wp-content/plugins/js_composer/assets/fonts/vc_icons/fonts/VC-Icons8309.woff]
[collegefest.com/wp-content/plugins/js_composer/assets/fonts/vc_icons/fonts/VC-Icons8309.svg]
[collegefest.com/wp-content/plugins/js_composer/assets/images/toggle_open.png]
[collegefest.com/wp-content/plugins/js_composer/assets/images/toggle_close.png]
[collegefest.com/wp-content/plugins/js_composer/assets/images/flickr.png]
[collegefest.com/wp-content/plugins/js_composer/assets/fonts/vc_grid/vc_grid_v157a1.eot]
[collegefest.com/wp-content/plugins/js_composer/assets/fonts/vc_grid/vc_grid_v157a1.woff]
[collegefest.com/wp-content/plugins/js_composer/assets/fonts/vc_grid/vc_grid_v157a1.ttf]
[collegefest.com/wp-content/plugins/js_composer/assets/fonts/vc_grid/vc_grid_v157a1.svg]
[collegefest.com/wp-content/plugins/js_composer/assets/images/spinner.gif]
[collegefest.com/wp-content/plugins/js_composer/assets/vc/remove.png]
[collegefest.com/wp-content/plugins/js_composer/assets/css/js_composer.min7752.css]
[collegefest.com/wp-content/plugins/ubermenu/pro/assets/css/ubermenu.min2c3d.css]
[collegefest.com/wp-content/plugins/ubermenu/assets/css/skins/blackwhite21eb7.css]
[collegefest.com/wp-content/plugins/ubermenu/assets/css/fontawesome/fonts/fontawesome-webfont3e6e.eot]
[collegefest.com/wp-content/plugins/ubermenu/assets/css/fontawesome/fonts/fontawesome-webfont3e6e.woff2]
[collegefest.com/wp-content/plugins/ubermenu/assets/css/fontawesome/fonts/fontawesome-webfontd41d.eot]
[collegefest.com/wp-content/plugins/ubermenu/assets/css/fontawesome/fonts/fontawesome-webfont3e6e.woff]
[collegefest.com/wp-content/plugins/ubermenu/assets/css/fontawesome/fonts/fontawesome-webfont3e6e.ttf]
[collegefest.com/wp-content/plugins/ubermenu/assets/css/fontawesome/css/font-awesome.mind7b7.css]
[collegefest.com/wp-content/plugins/ubermenu/assets/css/fontawesome/fonts/fontawesome-webfont3e6e.svg]
[collegefest.com/wp-content/uploads/smile_fonts/Defaults/Defaultsd41d.eot]
[collegefest.com/wp-content/uploads/smile_fonts/Defaults/Defaults21ea.eot]
[collegefest.com/wp-content/uploads/smile_fonts/Defaults/Defaults21ea.woff]
[collegefest.com/wp-content/uploads/smile_fonts/Defaults/Defaults21ea.ttf]
[collegefest.com/wp-content/uploads/smile_fonts/Defaults/Defaults1eb7.css]
[collegefest.com/wp-content/uploads/smile_fonts/Defaults/Defaults21ea.svg]
[collegefest.com/wp-content/plugins/Ultimate_VC_Addons/assets/min-css/fonts/ult-silk.eot]
[collegefest.com/wp-content/plugins/Ultimate_VC_Addons/assets/min-css/fonts/ult-silk.woff]
[collegefest.com/wp-content/plugins/Ultimate_VC_Addons/assets/min-css/fonts/ult-silk.ttf]
[collegefest.com/wp-content/plugins/Ultimate_VC_Addons/assets/min-css/fonts/ult-silk.svg]
[collegefest.com/wp-content/plugins/Ultimate_VC_Addons/assets/img/cross.png]
[collegefest.com/wp-content/plugins/Ultimate_VC_Addons/assets/min-css/ajax-loader.gif]
[collegefest.com/wp-content/plugins/Ultimate_VC_Addons/assets/min-css/fonts/slick.eot]
[collegefest.com/wp-content/plugins/Ultimate_VC_Addons/assets/min-css/fonts/slickd41d.eot]
[collegefest.com/wp-content/plugins/Ultimate_VC_Addons/assets/min-css/fonts/slick.woff]
[collegefest.com/wp-content/plugins/Ultimate_VC_Addons/assets/min-css/fonts/slick.ttf]
[collegefest.com/wp-content/plugins/Ultimate_VC_Addons/assets/min-css/fonts/slick.svg]
[collegefest.com/wp-content/plugins/Ultimate_VC_Addons/assets/images/fabric.png]
[collegefest.com/wp-content/plugins/Ultimate_VC_Addons/assets/images/cover.jpg]
[collegefest.com/wp-content/plugins/Ultimate_VC_Addons/assets/img/ov-plus.png]
[collegefest.com/wp-content/plugins/Ultimate_VC_Addons/assets/min-css/ultimate.mina826.css]
[collegefest.com/wp-content/plugins/Ultimate_VC_Addons/assets/css/fonts/ult-silk.eot]
[collegefest.com/wp-content/plugins/Ultimate_VC_Addons/assets/css/fonts/ult-silk.woff]
[collegefest.com/wp-content/plugins/Ultimate_VC_Addons/assets/css/fonts/ult-silk.ttf]
[collegefest.com/wp-content/plugins/Ultimate_VC_Addons/assets/css/iconsa826.css]
[collegefest.com/wp-content/plugins/Ultimate_VC_Addons/assets/css/fonts/ult-silk.svg]
[collegefest.com/wp-content/plugins/Ultimate_VC_Addons/assets/fonts/ult-vid-cntrl33ac.eot]
[collegefest.com/wp-content/plugins/Ultimate_VC_Addons/assets/fonts/ult-vid-cntrld41d.eot]
[collegefest.com/wp-content/plugins/Ultimate_VC_Addons/assets/fonts/ult-vid-cntrl33ac.woff]
[collegefest.com/wp-content/plugins/Ultimate_VC_Addons/assets/fonts/ult-vid-cntrl33ac.ttf]
[collegefest.com/wp-content/plugins/Ultimate_VC_Addons/assets/fonts/vidcons1eb7.css]
[collegefest.com/wp-content/plugins/convertplug/admin/assets/css/perfect-scrollbar.min1eb7.css]
[collegefest.com/wp-content/plugins/Ultimate_VC_Addons/assets/fonts/ult-vid-cntrl33ac.svg]
[collegefest.com/wp-content/plugins/convertplug/modules/assets/fonts/cp-social.eot]
[collegefest.com/wp-content/plugins/convertplug/modules/assets/fonts/cp-sociald41d.eot]
[collegefest.com/wp-content/plugins/convertplug/modules/assets/fonts/cp-social.ttf]
[collegefest.com/wp-content/plugins/convertplug/modules/assets/fonts/cp-social.woff]
[collegefest.com/wp-content/plugins/convertplug/modules/info_bar/assets/css/info_bar.min1eb7.css]
[collegefest.com/wp-json/index.html]
[collegefest.com/wp-content/plugins/convertplug/modules/assets/fonts/cp-social.svg]
[collegefest.com/_https_/collegefest.com/sponsor-application/index.html]
[collegefest.com/_https_/collegefest.com/socially-distant-summer-part2/index.html]
[collegefest.com/_https_/collegefest.com/wp-content/uploads/2020/07/drive-in-750x400.jpg/index.html]
[collegefest.com/_https_/collegefest.com/socially-distant-summer/index.html]
[collegefest.com/_https_/collegefest.com/wp-content/uploads/2020/07/sign.jpg/index.html]
[collegefest.com/_https_/collegefest.com/weekendguide-8-28-3-1/index.html]
[collegefest.com/wp-json/wp/v2/pages/593.html]
[secure.leadforensics.com/46888.html]
[collegefest.com/wp-includes/css/dist/block-library/style.min5b21.css]
[collegefest.com/_https_/collegefest.com/wp-content/uploads/2020/02/15715993453_8642f19631_k-750x400.jpg/index.html]
[collegefest.com/wp-json/oembed/1.0/embed7583]
[collegefest.com/wp-content/themes/collegefest/style5b21.css]
[collegefest.com/wp-includes/css/buttons.min5b21.css]
[collegefest.com/wp-includes/css/dashicons.min5b21.css]
[collegefest.com/wp-includes/js/mediaelement/wp-mediaelement.min5b21.css]
[collegefest.com/wp-includes/css/media-views.min5b21.css]
[collegefest.com/wp-content/themes/eventum/quick-preset5b21.php]
[collegefest.com/wp-content/themes/eventum/quick-style5b21.php]
[collegefest.com/wp-content/plugins/ubermenu/assets/css/skins/blackwhite25b21.css]
[collegefest.com/wp-content/uploads/smile_fonts/Defaults/Defaults5b21.css]
[collegefest.com/wp-content/plugins/Ultimate_VC_Addons/assets/fonts/vidcons5b21.css]
[collegefest.com/wp-content/plugins/convertplug/admin/assets/css/perfect-scrollbar.min5b21.css]
[collegefest.com/wp-content/plugins/convertplug/modules/info_bar/assets/css/info_bar.min5b21.css]
[collegefest.com/wp-includes/js/utils.min5b21.js]
[collegefest.com/wp-content/plugins/Ultimate_VC_Addons/assets/min-js/jparallax.min5b21.js]
[collegefest.com/wp-content/plugins/Ultimate_VC_Addons/assets/min-js/vhparallax.min5b21.js]
[collegefest.com/wp-content/plugins/Ultimate_VC_Addons/assets/min-js/mb-YTPlayer.min5b21.js]
[collegefest.com/wp-json/wp/v2/pages/896.html]
[collegefest.com/wp-json/oembed/1.0/embed419b.json]
[collegefest.com/wp-content/uploads/2021/07/phil1.jpg]
[collegefest.com/wp-content/uploads/2017/06/Edited.jpg]
[collegefest.com/wp-content/themes/eventum/js/bootstrap.min5b21.js]
[collegefest.com/wp-content/themes/eventum/js/jquery.magnific-popup.min5b21.js]
[collegefest.com/wp-content/themes/eventum/js/loopcounter5b21.js]
[collegefest.com/wp-content/themes/eventum/js/gmaps5b21.js]
[collegefest.com/wp-content/themes/eventum/js/queryloader2.min5b21.js]
[collegefest.com/wp-includes/js/shortcode.min5b21.js]
[collegefest.com/wp-includes/js/wp-util.min5b21.js]
[collegefest.com/wp-includes/js/wp-backbone.min5b21.js]
[collegefest.com/wp-includes/js/media-models.min5b21.js]
[collegefest.com/wp-includes/js/plupload/wp-plupload.min5b21.js]
[collegefest.com/wp-includes/js/mediaelement/mediaelement-migrate.min5b21.js]
[collegefest.com/wp-includes/js/mediaelement/wp-mediaelement.min5b21.js]
[collegefest.com/wp-includes/js/api-request.min5b21.js]
[collegefest.com/wp-includes/js/media-views.min5b21.js]
[collegefest.com/wp-includes/js/media-editor.min5b21.js]
[collegefest.com/wp-includes/js/media-audiovideo.min5b21.js]
[collegefest.com/wp-content/themes/eventum/js/main5b21.js]
[collegefest.com/wp-content/plugins/Ultimate_VC_Addons/assets/min-js/ultimate_bg.min5b21.js]
[collegefest.com/events/index.html]
[collegefest.com/wp-content/plugins/convertplug/modules/info_bar/assets/js/info_bar.min5b21.js]
[collegefest.com/wp-json/wp/v2/pages/1124.html]
[collegefest.com/wp-json/oembed/1.0/embed71f1.json]
[collegefest.com/wp-json/oembed/1.0/embed1673]
[collegefest.com/wp-content/uploads/2022/08/CP-CollegeFest-StudentBanner-2022-1.png]
[collegefest.com/wp-content/uploads/2017/07/when.png]
[collegefest.com/wp-content/uploads/2017/07/whattobring.png]
[collegefest.com/wp-content/uploads/2017/07/location1.png]
[collegefest.com/wp-content/uploads/2017/07/direction1.png]
[collegefest.com/wp-content/uploads/2017/07/admission1.png]
[collegefest.com/wp-content/uploads/2021/07/Dunkin-Logo-2019-present-1024x576.jpg]
[collegefest.com/wp-content/uploads/2021/07/SEPTAPHILLY_3.png]
[collegefest.com/events/collegefest-philly/index.html]
[collegefest.com/wp-json/wp/v2/pages/954.html]
[collegefest.com/wp-json/oembed/1.0/embed6e6e.json]
[collegefest.com/wp-json/oembed/1.0/embedd9f2]
[collegefest.com/wp-content/uploads/2015/09/army-150x110.png]
[collegefest.com/wp-content/uploads/2022/08/white-and-green-monster-png-logo-1-e1659382539288.png]
[collegefest.com/wp-content/uploads/2022/08/DoorDash-Logo3-150x150.png]
[collegefest.com/wp-content/uploads/2022/08/3D-transparent-logo-2-150x150.png]
[collegefest.com/wp-content/uploads/2019/06/1455451149_logo-citizens-bank.png]
[collegefest.com/wp-content/uploads/2017/07/BRS_HangingSox_AllRed-1-e1533673055750.png]
[collegefest.com/events/boston/index.html]
[collegefest.com/wp-json/wp/v2/pages/199.html]
[collegefest.com/fenway-park-sponsors/index.html]
[collegefest.com/wp-json/oembed/1.0/embed396c.json]
[collegefest.com/wp-json/oembed/1.0/embed4657]
[collegefest.com/wp-content/uploads/2019/06/44190017275_7d1dfbc2bb_o.jpg]
[collegefest.com/wp-content/uploads/2015/09/army.png]
[collegefest.com/wp-content/uploads/2015/09/grub-1.png]
[collegefest.com/wp-content/uploads/2015/09/llbean.png]
[collegefest.com/wp-content/uploads/2015/09/jeep2.png]
[collegefest.com/wp-content/uploads/2015/09/xbox2.png]
[collegefest.com/wp-content/uploads/2015/09/bbb11.png]
[collegefest.com/wp-content/uploads/2015/09/tmobile1.png]
[collegefest.com/wp-content/uploads/2015/09/5hours1.png]
[collegefest.com/for-sponsors/index.html]
[collegefest.com/wp-json/wp/v2/pages/237.html]
[collegefest.com/wp-json/oembed/1.0/embed24e4.json]
[collegefest.com/wp-json/oembed/1.0/embed5c93]
[collegefest.com/wp-content/uploads/2015/09/Courtney1.jpg]
[collegefest.com/wp-content/uploads/2015/09/chris.jpg]
[collegefest.com/wp-content/uploads/2020/07/jess-e1594147818717.jpg]
[collegefest.com/about-us/index.html]
[collegefest.com/wp-content/uploads/2020/02/acorn-st-beacon-hill-750x400.jpg]
[collegefest.com/the-collegefest-blog/page/2/index.html]
[collegefest.com/contact-us/index.html]
[collegefest.com/category/things-to-do-in-boston/index.html]
[collegefest.com/wp-content/uploads/2019/08/44380750124_eaa53a0638_o-750x400.jpg]
[collegefest.com/author/caroline/index.html]
[collegefest.com/author/biyce-dural/index.html]
[collegefest.com/wp-content/uploads/2019/06/DuckTourBoston.agr_-750x400.jpg]
[collegefest.com/author/tommy-gillespie/index.html]
[collegefest.com/wp-content/uploads/2019/06/pasted-image-0-2-750x400.png]
[collegefest.com/the-biggest-back-to-school-party-of-the-year/index.html]
[collegefest.com/v-day-in-boston-on-a-budget/index.html]
[collegefest.com/wp-content/uploads/2019/06/pasted-image-0-750x400.png]
[collegefest.com/category/collegefest-news/index.html]
[collegefest.com/author/paige/index.html]
[collegefest.com/wp-content/uploads/2017/08/2017-10-19_9-28-17.jpg]
[collegefest.com/fun-activities-to-do-in-boston-this-summer/index.html]
[collegefest.com/wp-content/uploads/2017/08/neag11-1-min.jpg]
[collegefest.com/the-collegefest-blog/index.html]
[collegefest.com/where-to-stay-fit/index.html]
[collegefest.com/category/things-to-do-in-boston/staying-fit/index.html]
[collegefest.com/boston/index.html]
[collegefest.com/unique-events-boston/index.html]
[collegefest.com/author/collegefest/index.html]
[collegefest.com/college-students-guide-dining-boston-copy/index.html]
[collegefest.com/category/food-dining/index.html]
[collegefest.com/non-tourist-guide-touring-boston/index.html]
[collegefest.com/wp-json/wp/v2/pages/2025.html]
[collegefest.com/wp-json/oembed/1.0/embedcd96.json]
[collegefest.com/wp-json/oembed/1.0/embed8ea1]
[collegefest.com/sponsor-application/index.html]
[js.hsforms.net/forms/v2.js]
[collegefest.com/socially-distant-summer-part2/feed/index.html]
[collegefest.com/wp-json/wp/v2/posts/1951.html]
[collegefest.com/wp-json/oembed/1.0/embed7a46.json]
[collegefest.com/wp-json/oembed/1.0/embed6fda]
[collegefest.com/wp-content/uploads/2020/07/carson-beach-e1595018144708.jpg]
[collegefest.com/wp-content/uploads/2020/07/site-105-area-6.jpg]
[collegefest.com/socially-distant-summer-part2/index.html]
[collegefest.com/wp-json/wp/v2/posts/1927.html]
[collegefest.com/socially-distant-summer/feed/index.html]
[collegefest.com/wp-json/oembed/1.0/embedc91b.json]
[collegefest.com/wp-json/oembed/1.0/embedac38]
[collegefest.com/wp-content/uploads/2020/07/one-pot-garden.jpg]
[collegefest.com/socially-distant-summer/index.html]
[collegefest.com/weekendguide-8-28-3-1/feed/index.html]
[collegefest.com/wp-json/wp/v2/posts/1905.html]
[collegefest.com/wp-json/oembed/1.0/embed54f8.json]
[collegefest.com/wp-json/oembed/1.0/embed2cd3]
[collegefest.com/wp-content/uploads/2020/02/east2018_d3_10_of_15-1024x683.jpg]
[collegefest.com/weekendguide-8-28-3-1/index.html]
[collegefest.com/wp-content/plugins/convertplug/modules/info_bar/assets/demos/weekly_article/weekly_article.min.css]
[collegefest.com/wp-content/plugins/Ultimate_VC_Addons/assets/min-css/background-style.mina826.css]
[collegefest.com/wp-content/plugins/js_composer/assets/css/js_composer_tta.min7752.css]
[collegefest.com/wp-content/plugins/js_composer/assets/lib/bower/font-awesome/fonts/fontawesome-webfont5b62.eot]
[collegefest.com/wp-content/plugins/js_composer/assets/lib/bower/font-awesome/fonts/fontawesome-webfont5b62.woff2]
[collegefest.com/wp-content/plugins/js_composer/assets/lib/bower/font-awesome/fonts/fontawesome-webfontd41d.eot]
[collegefest.com/wp-content/plugins/js_composer/assets/lib/bower/font-awesome/fonts/fontawesome-webfont5b62.woff]
[collegefest.com/wp-content/plugins/js_composer/assets/lib/bower/font-awesome/fonts/fontawesome-webfont5b62.ttf]
[collegefest.com/wp-content/plugins/js_composer/assets/lib/bower/font-awesome/css/font-awesome.min7752.css]
[collegefest.com/wp-content/plugins/js_composer/assets/lib/bower/font-awesome/fonts/fontawesome-webfont5b62.svg]
[collegefest.com/wp-content/themes/eventum/css/bootstrap.min.css]
[collegefest.com/wp-content/themes/eventum/css/font-awesome.css]
[collegefest.com/wp-content/themes/eventum/css/animate.css]
[collegefest.com/wp-content/themes/eventum/css/magnific-popup.css]
[collegefest.com/wp-content/themes/eventum/css/main.css]
[collegefest.com/wp-content/themes/eventum/css/woocommerce.css]
[collegefest.com/wp-content/themes/eventum/css/responsive.css]
[collegefest.com/wp-content/themes/eventum/images/banner-bg.png]
[collegefest.com/wp-content/themes/eventum/style.css]
[collegefest.com/wp-includes/js/mediaelement/mejs-controls.svg]
[collegefest.com/wp-content/plugins/js_composer/assets/fonts/vc_icons/fonts/VC-Icons8309.svg]
[collegefest.com/wp-content/plugins/js_composer/assets/fonts/vc_grid/vc_grid_v157a1.svg]
[collegefest.com/wp-content/plugins/ubermenu/assets/css/fontawesome/fonts/fontawesome-webfont3e6e.svg]
[collegefest.com/wp-content/uploads/smile_fonts/Defaults/Defaults21ea.svg]
[collegefest.com/wp-content/plugins/Ultimate_VC_Addons/assets/min-css/fonts/ult-silk.svg]
[collegefest.com/wp-content/plugins/Ultimate_VC_Addons/assets/min-css/fonts/slick.svg]
[collegefest.com/wp-content/plugins/Ultimate_VC_Addons/assets/css/fonts/ult-silk.svg]
[collegefest.com/wp-content/plugins/Ultimate_VC_Addons/assets/fonts/ult-vid-cntrl33ac.svg]
[collegefest.com/wp-content/plugins/convertplug/modules/assets/fonts/cp-social.svg]
[collegefest.com/_https_/collegefest2022.eventbrite.com/index85b7.html]
[collegefest.com/_/boston/index.html]
[collegefest.com/_https_/collegefest2022.eventbrite.com/index3d01.html]
[collegefest.com/wp-content/plugins/js_composer/assets/fonts/vc_grid/vc_grid_v1d41d.eot]
[collegefest.com/_https_/collegefest.com/wp-content/uploads/2016/01/upcoming-1-min.jpg/_/index.html]
[collegefest.com/_/events/index.html]
[collegefest.com/_https_/collegefest.com/sponsor-application/index.html]
[collegefest.com/_https_/collegefest.com/socially-distant-summer-part2/index.html]
[collegefest.com/_https_/collegefest.com/wp-content/uploads/2020/07/drive-in-750x400.jpg/index.html]
[collegefest.com/_https_/collegefest.com/socially-distant-summer/index.html]
[collegefest.com/_https_/collegefest.com/wp-content/uploads/2020/07/sign.jpg/index.html]
[collegefest.com/_https_/collegefest.com/weekendguide-8-28-3-1/index.html]
[collegefest.com/_https_/collegefest.com/wp-content/uploads/2020/02/15715993453_8642f19631_k-750x400.jpg/index.html]
[collegefest.com/wp-includes/css/dist/block-library/style.min5b21.css]
[collegefest.com/wp-content/themes/collegefest/style5b21.css]
[collegefest.com/wp-includes/css/buttons.min5b21.css]
[collegefest.com/wp-includes/css/dashicons.min5b21.css]
[collegefest.com/wp-includes/js/mediaelement/wp-mediaelement.min5b21.css]
[collegefest.com/wp-includes/css/media-views.min5b21.css]
[collegefest.com/wp-content/themes/eventum/quick-preset5b21.html]
[collegefest.com/wp-content/themes/eventum/quick-style5b21.html]
[collegefest.com/wp-content/plugins/ubermenu/assets/css/skins/blackwhite25b21.css]
[collegefest.com/wp-content/uploads/smile_fonts/Defaults/Defaults5b21.css]
[collegefest.com/wp-content/plugins/Ultimate_VC_Addons/assets/fonts/vidcons5b21.css]
[collegefest.com/wp-content/plugins/convertplug/admin/assets/css/perfect-scrollbar.min5b21.css]
[collegefest.com/wp-content/plugins/convertplug/modules/info_bar/assets/css/info_bar.min5b21.css]
[collegefest.com/wp-json/wp/v2/pages/896.html]
[collegefest.com/indexa290.html]
[collegefest.com/wp-json/wp/v2/pages/1124.html]
[collegefest.com/indexd832.html]
[collegefest.com/_https_/www.mlb.com/redsox/ballpark/information/security]
[collegefest.com/wp-json/wp/v2/pages/954.html]
[collegefest.com/index74e6.html]
[collegefest.com/wp-json/wp/v2/pages/897.html]
[collegefest.com/_/fenway-park/lineup/index.html]
[collegefest.com/wp-json/oembed/1.0/embed6076.json]
[collegefest.com/wp-json/oembed/1.0/embedbdb0]
[collegefest.com/wp-content/uploads/2017/10/ARMY-ROTC_small-150x150.jpg]
[collegefest.com/wp-content/uploads/2022/08/Uneleap-splash-logo.2.png]
[collegefest.com/wp-content/uploads/2022/08/DoorDash-Logo3-e1659382562190.png]
[collegefest.com/wp-content/uploads/2017/07/logo02.jpg]
[collegefest.com/wp-content/uploads/2017/06/1409005984jamn-w150h150.jpg]
[collegefest.com/wp-content/uploads/2017/06/1439842998101.7-the-bull-color-w150h150.png]
[collegefest.com/wp-content/uploads/2022/08/Monster_Spatter_Claw-e1661874067929.png]
[collegefest.com/wp-content/uploads/2017/06/ghlogotyperedrgb.square-w150h150.png]
[collegefest.com/wp-content/uploads/2017/06/dkmslogo-w150h150.png]
[collegefest.com/wp-content/uploads/2017/07/logo01.jpg]
[collegefest.com/wp-content/uploads/2017/06/red-vice-logo-w150h150.png]
[collegefest.com/wp-content/uploads/2017/07/logo04.jpg]
[collegefest.com/wp-content/uploads/2017/07/logo03.jpg]
[collegefest.com/wp-content/uploads/2017/06/1439926575llbean-w150h150.jpg]
[collegefest.com/fenway-park-sponsors/index.html]
[collegefest.com/wp-json/wp/v2/pages/199.html]
[collegefest.com/index5051.html]
[collegefest.com/wp-content/uploads/2019/06/44190017275_7d1dfbc2bb_o.jpg]
[collegefest.com/_https_/collegefest.com/wp-content/uploads/2015/09/Courtney1.jpg/index.html]
[collegefest.com/_https_/www.linkedin.com/in/courtneybeinhaur/index.html]
[collegefest.com/_https_/collegefest.com/wp-content/uploads/2015/09/chris.jpg/index.html]
[collegefest.com/_https_/www.linkedin.com/in/cnyland/index.html]
[collegefest.com/wp-json/wp/v2/pages/237.html]
[collegefest.com/_https_/collegefest.com/wp-content/uploads/2020/07/jess-e1594147818717.jpg/index.html]
[collegefest.com/_https_/www.linkedin.com/in/jessica-cann-386141a/index.html]
[collegefest.com/wp-content/plugins/gravityforms/js/placeholders.jquery.min8d26.js]
[collegefest.com/wp-json/wp/v2/pages/263.html]
[collegefest.com/wp-json/oembed/1.0/embedca34.json]
[collegefest.com/wp-json/oembed/1.0/embed6a00]
[collegefest.com/contact-us/index.html]
[collegefest.com/wp-content/uploads/2017/08/bostonartsfestival1-min.jpg]
[collegefest.com/the-collegefest-blog/page/2/index.html]
[collegefest.com/8-great-boston-events-fall/index.html]
[collegefest.com/wp-json/wp/v2/categories/29.html]
[collegefest.com/category/things-to-do-in-boston/index.html]
[collegefest.com/category/things-to-do-in-boston/feed/index.html]
[collegefest.com/wp-json/wp/v2/users/12.html]
[collegefest.com/author/caroline/index.html]
[collegefest.com/author/caroline/feed/index.html]
[collegefest.com/wp-json/wp/v2/users/10.html]
[collegefest.com/author/biyce-dural/index.html]
[collegefest.com/author/biyce-dural/feed/index.html]
[collegefest.com/wp-json/wp/v2/users/11.html]
[collegefest.com/author/tommy-gillespie/index.html]
[collegefest.com/author/tommy-gillespie/feed/index.html]
[collegefest.com/wp-json/wp/v2/posts/1890.html]
[collegefest.com/v-day-in-boston-on-a-budget/feed/index.html]
[collegefest.com/wp-json/oembed/1.0/embedc3db.json]
[collegefest.com/wp-json/oembed/1.0/embedb387]
[previews.123rf.com/images/appalachianviews/appalachianviews1612/appalachianviews161200349/70062037-graffiti-alley-at-central-square-in-cambridge-massachusetts-.jpg]
[s3-media0.fl.yelpcdn.com/bphoto/-rqq4IJG3deaUEWewGQ7xg/o.jpg]
[cdn10.bostonmagazine.com/wp-content/uploads/sites/2/2017/02/acorn-st-beacon-hill.jpg]
[collegefest.com/v-day-in-boston-on-a-budget/index.html]
[collegefest.com/wp-json/oembed/1.0/embed313e.json]
[collegefest.com/wp-json/oembed/1.0/embedf84a]
[collegefest.com/wp-content/uploads/2019/08/college-fest-pic-1024x781.jpg]
[collegefest.com/the-biggest-back-to-school-party-of-the-year/index.html]
[collegefest.com/wp-json/wp/v2/categories/30.html]
[collegefest.com/category/collegefest-news/index.html]
[collegefest.com/category/collegefest-news/feed/index.html]
[collegefest.com/wp-json/wp/v2/users/8.html]
[collegefest.com/author/paige/index.html]
[collegefest.com/author/paige/feed/index.html]
[collegefest.com/wp-json/wp/v2/posts/1757.html]
[collegefest.com/fun-activities-to-do-in-boston-this-summer/feed/index.html]
[collegefest.com/wp-json/oembed/1.0/embedbc6c.json]
[collegefest.com/wp-json/oembed/1.0/embed240f]
[collegefest.com/wp-content/uploads/2019/06/paddle.png]
[collegefest.com/wp-content/uploads/2019/06/Freedom-Trail-1-1024x768.jpg]
[collegefest.com/wp-content/uploads/2019/06/NEAquarium.jpg]
[collegefest.com/wp-content/uploads/2019/06/DuckTourBoston.agr_.jpg]
[collegefest.com/fun-activities-to-do-in-boston-this-summer/index.html]
[collegefest.com/wp-json/wp/v2/posts/1742.html]
[collegefest.com/where-to-stay-fit/feed/index.html]
[collegefest.com/wp-json/oembed/1.0/embed54f0.json]
[collegefest.com/wp-json/oembed/1.0/embedf5f1]
[collegefest.com/wp-content/uploads/2019/06/bspoke-e1560536329322.jpg]
[collegefest.com/wp-content/uploads/2019/06/purebarrelarge-e1560536523994.jpg]
[collegefest.com/wp-content/uploads/2019/06/pasted-image-0-3-e1560536566200.png]
[collegefest.com/where-to-stay-fit/index.html]
[collegefest.com/wp-json/wp/v2/categories/37.html]
[collegefest.com/category/things-to-do-in-boston/staying-fit/index.html]
[collegefest.com/category/things-to-do-in-boston/staying-fit/feed/index.html]
[collegefest.com/wp-json/wp/v2/posts/1736.html]
[collegefest.com/unique-events-boston/feed/index.html]
[collegefest.com/wp-json/oembed/1.0/embeda20d.json]
[collegefest.com/wp-json/oembed/1.0/embed331f]
[collegefest.com/wp-content/uploads/2019/06/queen-300x197.png]
[collegefest.com/wp-content/uploads/2019/06/pasted-image-0-1-300x225.png]
[collegefest.com/unique-events-boston/index.html]
[collegefest.com/wp-json/wp/v2/users/2.html]
[collegefest.com/author/collegefest/index.html]
[collegefest.com/author/collegefest/feed/index.html]
[collegefest.com/wp-json/wp/v2/posts/1805.html]
[collegefest.com/college-students-guide-dining-boston-copy/feed/index.html]
[collegefest.com/wp-json/oembed/1.0/embed875c.json]
[collegefest.com/wp-json/oembed/1.0/embed733c]
[collegefest.com/college-students-guide-dining-boston-copy/index.html]
[collegefest.com/wp-json/wp/v2/categories/33.html]
[collegefest.com/category/food-dining/index.html]
[collegefest.com/category/food-dining/feed/index.html]
[collegefest.com/wp-json/wp/v2/posts/1145.html]
[collegefest.com/non-tourist-guide-touring-boston/feed/index.html]
[collegefest.com/wp-json/oembed/1.0/embedb839.json]
[collegefest.com/wp-json/oembed/1.0/embed71be]
[collegefest.com/non-tourist-guide-touring-boston/index.html]
[collegefest.com/wp-json/wp/v2/pages/2025.html]
[collegefest.com/index8193.html]
[collegefest.com/_http_/www.leicesterdrivein.net/index.html]
[collegefest.com/_https_/www.wellfleetcinemas.com/index.html]
[collegefest.com/_http_/www.northfielddrivein.com/index.html]
[collegefest.com/_https_/milforddrivein.com/index.html]
[collegefest.com/_https_/www.yourneighborhoodtheatre.com/index.html]
[collegefest.com/_http_/osv.org/index.html]
[collegefest.com/_https_/heritagemuseumsandgardens.org/index.html]
[collegefest.com/_https_/decordova.org/index.html]
[collegefest.com/_https_/collegefest.com/wp-content/uploads/2020/07/carson-beach-e1595018144708.jpg/index.html]
[collegefest.com/wp-json/wp/v2/posts/1951.html]
[collegefest.com/index24f2.html]
[collegefest.com/_http_/paddleboston.com/rentals/our-locations/boston-allston-brighton/index.html]
[collegefest.com/_https_/collegefest.com/wp-content/uploads/2020/07/site-105-area-6.jpg/index.html]
[collegefest.com/_https_/collegefest.com/wp-content/uploads/2020/07/one-pot-garden.jpg/index.html]
[collegefest.com/_https_/www.youtube.com/watch294b]
[collegefest.com/_https_/www.etsy.com/listing/729737939/travel-cutlery-set-zero-waste-utensilf32b]
[collegefest.com/_https_/www.yeti.com/en_US/drinkware/index.html]
[collegefest.com/_https_/www.amazon.com/Kootek-Portable-Lightweight-Parachute-Backpacking/dp/B0711S7V9T/ref=sr_1_2_sspaae9c]
[collegefest.com/_https_/www.yelp.com/search4bc6]
[collegefest.com/wp-json/wp/v2/posts/1927.html]
[collegefest.com/index8e9f.html]
[collegefest.com/_https_/collegefest.com/wp-content/uploads/2020/02/east2018_d3_10_of_15-1024x683.jpg/index.html]
[collegefest.com/_https_/www.thebostoncalendar.com/events/3rd-annual-dr-seuss-birthday-celebration/index.html]
[collegefest.com/_https_/vinfen.org/events/moving-images/index.html]
[collegefest.com/_https_/www.eventbrite.com/e/stella-artois-leap-day-crawl-tickets-94014005421/index.html]
[collegefest.com/_https_/maam.massart.edu/visit/index.html]
[collegefest.com/_https_/www.bostonusa.com/event/support-chinatown-bingo/63962/index.html]
[collegefest.com/_https_/www.bostonusa.com/event/boston-black-restaurant-challenge/62702/index.html]
[collegefest.com/_https_/www.bostonusa.com/event/jazz-scene-in-boston_-telling-the-local-story/60617/index.html]
[collegefest.com/wp-json/wp/v2/posts/1905.html]
[collegefest.com/indexa693.html]
[collegefest.com/wp-content/plugins/js_composer/assets/lib/bower/font-awesome/fonts/fontawesome-webfont5b62.svg]
[collegefest.com/xmlrpc.php]
[collegefest.com/_https_/www.timeout.com/boston/things-to-do/best-ice-skating-rinks-in-boston/index.html]
[collegefest.com/_https_/east.paxsite.com/index.html]
[collegefest.com/wp-content/themes/eventum/fonts/glyphicons-halflings-regular.eot]
[collegefest.com/wp-content/themes/eventum/fonts/glyphicons-halflings-regulard41d.eot]
[collegefest.com/wp-content/themes/eventum/fonts/glyphicons-halflings-regular.woff2]
[collegefest.com/wp-content/themes/eventum/fonts/glyphicons-halflings-regular.woff]
[collegefest.com/wp-content/themes/eventum/fonts/glyphicons-halflings-regular.ttf]
[collegefest.com/wp-content/themes/eventum/css/bootstrap.min.css]
[collegefest.com/wp-content/themes/eventum/fonts/glyphicons-halflings-regular.svg]
[collegefest.com/wp-content/themes/eventum/fonts/fontawesome-webfont78ce.eot]
[collegefest.com/wp-content/themes/eventum/fonts/fontawesome-webfontd41d.eot]
[collegefest.com/wp-content/themes/eventum/fonts/fontawesome-webfont78ce.woff]
[collegefest.com/wp-content/themes/eventum/fonts/fontawesome-webfont78ce.ttf]
[collegefest.com/wp-content/themes/eventum/css/font-awesome.css]
[collegefest.com/wp-content/themes/eventum/css/animate.css]
[collegefest.com/wp-content/themes/eventum/css/magnific-popup.css]
[collegefest.com/wp-content/themes/eventum/fonts/fontawesome-webfont78ce.svg]
[collegefest.com/wp-content/themes/eventum/images/color-bg-left-bottom.png]
[collegefest.com/wp-content/themes/eventum/images/color-bg-right-bottom.png]
[collegefest.com/wp-content/themes/eventum/images/color-bg-right-top.png]
[collegefest.com/wp-content/themes/eventum/images/arrow.png]
[collegefest.com/wp-content/themes/eventum/css/main.css]
[collegefest.com/wp-content/themes/eventum/fonts/star.eot]
[collegefest.com/wp-content/themes/eventum/fonts/stard41d.eot]
[collegefest.com/wp-content/themes/eventum/fonts/star.woff]
[collegefest.com/wp-content/themes/eventum/fonts/star.ttf]
[collegefest.com/wp-content/themes/eventum/fonts/star.svg]
[collegefest.com/wp-content/themes/eventum/fonts/WooCommerce.eot]
[collegefest.com/wp-content/themes/eventum/fonts/WooCommerced41d.eot]
[collegefest.com/wp-content/themes/eventum/fonts/WooCommerce.woff]
[collegefest.com/wp-content/themes/eventum/fonts/WooCommerce.ttf]
[collegefest.com/wp-content/themes/eventum/fonts/WooCommerce.svg]
[collegefest.com/wp-content/themes/eventum/images/icons/credit-cards/visa.png]
[collegefest.com/wp-content/themes/eventum/images/icons/credit-cards/mastercard.png]
[collegefest.com/wp-content/themes/eventum/images/icons/credit-cards/laser.png]
[collegefest.com/wp-content/themes/eventum/images/icons/credit-cards/diners.png]
[collegefest.com/wp-content/themes/eventum/images/icons/credit-cards/maestro.png]
[collegefest.com/wp-content/themes/eventum/images/icons/credit-cards/jcb.png]
[collegefest.com/wp-content/themes/eventum/images/icons/credit-cards/amex.png]
[collegefest.com/wp-content/themes/eventum/images/icons/credit-cards/discover.png]
[collegefest.com/wp-content/themes/eventum/css/woocommerce.css]
[collegefest.com/wp-content/themes/eventum/css/responsive.css]
[collegefest.com/_https_/collegefest2022.eventbrite.com/index3d01.html]
[collegefest.com/_https_/collegefest.com/wp-content/uploads/2022/01/College-Fest-2022.jpg/_/index.html]
[collegefest.com/_https_/collegefest.com/events/collegefest-philly/_]
[collegefest.com/xmlrpc0db0.php]
[collegefest.com/_https_/collegefest.com/wp-content/uploads/2021/07/phil1.jpg/_/index.html]
[collegefest.com/_https_/collegefest.com/events/collegefest-philly/index.html]
[collegefest.com/_https_/collegefest.com/wp-content/uploads/2017/06/Edited.jpg/_/index.html]
[collegefest.com/_https_/collegefest.com/wp-content/uploads/2022/01/College-Fest-2022.jpg/_/index-2.html]
[collegefest.com/_https_/collegefest.com/wp-content/uploads/2021/07/phil1.jpg/_/index-2.html]
[collegefest.com/_https_/campusphilly.org/collegefest/index6085.html]
[collegefest.com/_https_/collegefest.com/wp-content/uploads/2017/06/Edited.jpg/_/index-2.html]
[collegefest.com/_https_/collegefest.com/wp-content/uploads/2017/07/when.png/_/index.html]
[collegefest.com/_https_/campusphilly.org/collegefest/index400f.html]
[collegefest.com/_https_/collegefest.com/wp-content/uploads/2017/07/whattobring.png/_/index.html]
[collegefest.com/_https_/collegefest.com/wp-content/uploads/2017/07/location1.png/_/index.html]
[collegefest.com/_https_/collegefest.com/wp-content/uploads/2017/07/when.png/_/index-2.html]
[collegefest.com/wp-json/oembed/1.0/embed1de7]
[collegefest.com/_https_/collegefest.com/wp-content/uploads/2017/07/admission1.png/_/index.html]
[collegefest.com/_https_/collegefest.com/wp-content/uploads/2017/07/whattobring.png/_/index-2.html]
[collegefest.com/_https_/www.mlb.com/redsox/ballpark/information/security.html]
[collegefest.com/_/fenway-park/lineup/index.html]
[collegefest.com/_https_/campusphilly.org/2022/06/06/guide-to-philly-everything-you-need-to-know-about-being-a-student-in-philadelphia/index.html]
[collegefest.com/_https_/collegefest.com/wp-content/uploads/2017/10/ARMY-ROTC_small-150x150.jpg/index.html]
[collegefest.com/_https_/collegefest.com/wp-content/uploads/2019/06/1455451149_logo-citizens-bank.png/index.html]
[collegefest.com/_https_/collegefest.com/wp-content/uploads/2022/08/Uneleap-splash-logo.2.png/index.html]
[collegefest.com/_https_/collegefest.com/wp-content/uploads/2022/08/DoorDash-Logo3-e1659382562190.png/index.html]
[collegefest.com/_/wp-content/uploads/2017/07/logo02.jpg/index.html]
[collegefest.com/_/wp-content/uploads/2017/06/1409005984jamn-w150h150.jpg/index.html]
[collegefest.com/_/wp-content/uploads/2017/06/1439842998101.7-the-bull-color-w150h150.png/index.html]
[collegefest.com/_https_/collegefest.com/wp-content/uploads/2022/08/Monster_Spatter_Claw-e1661874067929.png/index.html]
[collegefest.com/_/wp-content/uploads/2017/06/ghlogotyperedrgb.square-w150h150.png/index.html]
[collegefest.com/_/wp-content/uploads/2017/06/dkmslogo-w150h150.png/index.html]
[collegefest.com/_/wp-content/uploads/2017/07/logo01.jpg/index.html]
[collegefest.com/_/wp-content/uploads/2017/06/red-vice-logo-w150h150.png/index.html]
[collegefest.com/_/wp-content/uploads/2017/07/logo04.jpg/index.html]
[collegefest.com/_/wp-content/uploads/2017/07/logo03.jpg/index.html]
[collegefest.com/_/wp-content/uploads/2017/06/1439926575llbean-w150h150.jpg/index.html]
[collegefest.com/_https_/www.goarmy.com/rotc.html/index.html]
[collegefest.com/_https_/www.doordash.com/index.html]
[collegefest.com/_https_/www.studentuniverse.com/index.html]
[collegefest.com/_https_/www.whoop.com/index.html]
[collegefest.com/_https_/www.hiobs.org/index.html]
[collegefest.com/_https_/www.glowbos.com/index.html]
[collegefest.com/_https_/www.balancepatch.com/index.html]
[collegefest.com/_https_/www.plynkinvest.com/index.html]
[collegefest.com/_https_/oncampusnation.com/index.html]
[collegefest.com/_https_/www.goang.com/locations/massachusetts.html/index.html]
[collegefest.com/_https_/fire-ice.com/locations/boston-ma/index.html]
[collegefest.com/_https_/flookskin.com/index.html]
[collegefest.com/_https_/boston.broadway.com/index.html]
[collegefest.com/_https_/www.blueman.com/index.html]
[collegefest.com/_/index.html]
[collegefest.com/_https_/urbanteachers.org/index.html]
[collegefest.com/_https_/www.citizensbank.com/checking/student-checking.aspx/index.html]
[collegefest.com/_https_/home.uneleap.com/index.html]
[collegefest.com/_https_/www.iheart.com/index.html]
[collegefest.com/_https_/www.ufcgym.com/locations/boston-financial-district/index.html]
[collegefest.com/_https_/lesserevil.com/index.html]
[collegefest.com/_https_/www.monsterenergy.com/index.html]
[collegefest.com/_https_/www.dunkindonuts.com/en/index.html]
[collegefest.com/_https_/www.monsterenergy.com/products/java-monster/caffe-monster-mocha/index.html]
[collegefest.com/_https_/www.shopjozi.com/index.html]
[collegefest.com/_https_/www.massnationalguard.org/index.html]
[collegefest.com/_https_/www.bbbsmb.org/index.html]
[collegefest.com/_https_/www.bbb.org/index.html]
[collegefest.com/_https_/www.allwaysadream.com/index.html]
[collegefest.com/_https_/bethematch.org/index.html]
[collegefest.com/_https_/www.twenty.team/index.html]
[collegefest.com/_http_/kiss108.iheart.com/index.html]
[collegefest.com/_http_/thebull1017.iheart.com/index.html]
[collegefest.com/_https_/jamn945.iheart.com/index.html]
[collegefest.com/_http_/www.wachusett.com/index.html]
[collegefest.com/_http_/www.annastaqueria.com/index.html]
[collegefest.com/_https_/www.plannedparenthood.org/health-center/massachusetts/boston/02215/greater-boston-health-center-3293-90610/index.html]
[collegefest.com/_https_/peterpanbus.com/index.html]
[collegefest.com/_http_/us.vibram.com/index.html]
[collegefest.com/_https_/www.bowerypresents.com/boston/shows/index.html]
[collegefest.com/_https_/recruiting.army.mil/mrb/index.html]
[collegefest.com/_https_/slatemilk.com/index.html]
[collegefest.com/_https_/freezecrowd/index.html]
[collegefest.com/_https_/www.jcrew.com/s/teacher-student-discount/index.html]
[collegefest.com/_https_/www.amazon.com/index.html]
[collegefest.com/wp-json/wp/v2/pages/897.html]
[collegefest.com/index2cc4.html]
[collegefest.com/_https_/collegefest.com/wp-content/uploads/2015/09/Courtney1.jpg/index.html]
[collegefest.com/_https_/www.linkedin.com/in/courtneybeinhaur/index.html]
[collegefest.com/_https_/collegefest.com/wp-content/uploads/2015/09/chris.jpg/index.html]
[collegefest.com/_https_/www.linkedin.com/in/cnyland/index.html]
[collegefest.com/_https_/collegefest.com/wp-content/uploads/2020/07/jess-e1594147818717.jpg/index.html]
[collegefest.com/_https_/www.linkedin.com/in/jessica-cann-386141a/index.html]
[collegefest.com/index8a71.html]
[collegefest.com/wp-json/wp/v2/pages/263.html]
[collegefest.com/index8fee.html]
[collegefest.com/_https_/www.cheerupgames.com/index.html]
[collegefest.com/_https_/collegefest.com/fenway-park-sponsors/index.html]
[collegefest.com/wp-json/wp/v2/posts/1135.html]
[collegefest.com/wp-json/oembed/1.0/embed1957.json]
[collegefest.com/8-great-boston-events-fall/feed/index.html]
[collegefest.com/wp-json/oembed/1.0/embed33e6]
[collegefest.com/8-great-boston-events-fall/index.html]
[collegefest.com/wp-json/wp/v2/categories/29.html]
[collegefest.com/wp-json/wp/v2/users/12.html]
[collegefest.com/wp-json/wp/v2/users/10.html]
[collegefest.com/wp-json/wp/v2/users/11.html]
[collegefest.com/_https_/previews.123rf.com/images/appalachianviews/appalachianviews1612/appalachianviews161200349/70062037-graffiti-alley-at-central-square-in-cambridge-massachusetts-.jpg/index.html]
[collegefest.com/_https_/www.bpl.org/locations/3/index.html]
[collegefest.com/_https_/www.brattlefilm.org/index.html]
[collegefest.com/_http_/www.commonwealthbooks.com/index.html]
[collegefest.com/_https_/www.rodneysbookstore.com/index.html]
[collegefest.com/_http_/ravencambridge.com/index.html]
[collegefest.com/_https_/www.brooklinebooksmith.com/index.html]
[collegefest.com/_https_/www.rarebook.com/index.html]
[collegefest.com/_https_/s3-media0.fl.yelpcdn.com/bphoto/-rqq4IJG3deaUEWewGQ7xg/o.jpg/index.html]
[collegefest.com/_https_/www.massgeneral.org/museum/exhibits/ether-dome/index.html]
[collegefest.com/_https_/waterworksmuseum.org/index.html]
[collegefest.com/_https_/www.bostonfiremuseum.com/index.html]
[collegefest.com/_https_/www.nps.gov/jofi/index.htm/index.html]
[collegefest.com/_https_/www.mbta.com/schedules/ferry/index.html]
[collegefest.com/_https_/www.arboretum.harvard.edu/silva-map-fall-2010-2/index.html]
[collegefest.com/_https_/www.compass.com/neighborhood-guides/boston/beacon-hill/index.html]
[collegefest.com/_https_/www.archdaily.com/114206/architecture-city-guide-boston/index.html]
[collegefest.com/_https_/www.timeout.com/boston/back-bay/index.html]
[collegefest.com/_https_/cdn10.bostonmagazine.com/wp-content/uploads/sites/2/2017/02/acorn-st-beacon-hill.jpg/index.html]
[collegefest.com/_https_/www.atlasobscura.com/places/the-dutch-house-brookline-massachusetts/index.html]
[collegefest.com/wp-json/wp/v2/posts/1890.html]
[collegefest.com/index6867.html]
[collegefest.com/index6ca8.html]
[collegefest.com/wp-json/wp/v2/categories/30.html]
[collegefest.com/wp-json/wp/v2/users/8.html]
[collegefest.com/_https_/www.wheretraveler.com/boston/play/graffiti-alley/index.html]
[collegefest.com/_https_/collegefest.com/v-day-in-boston-on-a-budget/index.html]
[collegefest.com/the-biggest-back-to-school-party-of-the-year/feed/index.html]
[collegefest.com/_https_/paddleboston.com/about/about-paddle-boston/index.html]
[collegefest.com/_https_/collegefest.com/wp-content/uploads/2019/06/paddle.png/index.html]
[collegefest.com/_https_/www.thefreedomtrail.org/index.html]
[collegefest.com/_https_/collegefest.com/wp-content/uploads/2019/06/Freedom-Trail-1-1024x768.jpg/index.html]
[collegefest.com/_https_/www.neaq.org/index.html]
[collegefest.com/_https_/collegefest.com/wp-content/uploads/2019/06/NEAquarium.jpg/index.html]
[collegefest.com/wp-json/wp/v2/posts/1757.html]
[collegefest.com/indexdbcb.html]
[collegefest.com/_https_/collegefest.com/wp-content/uploads/2019/06/DuckTourBoston.agr_.jpg/index.html]
[collegefest.com/_https_/collegefest.com/fun-activities-to-do-in-boston-this-summer/index.html]
[collegefest.com/_https_/www.bspokestudios.com/studios/boston/index.html]
[collegefest.com/_https_/collegefest.com/wp-content/uploads/2019/06/bspoke-e1560536329322.jpg/index.html]
[collegefest.com/_https_/purebarre.com/index.html]
[collegefest.com/_http_/purebarre.com/locations/index.html]
[collegefest.com/_https_/collegefest.com/wp-content/uploads/2019/06/purebarrelarge-e1560536523994.jpg/index.html]
[collegefest.com/_https_/www.crossfitsouthie.com/index.html]
[collegefest.com/wp-json/wp/v2/posts/1742.html]
[collegefest.com/indexe1b1.html]
[collegefest.com/wp-json/wp/v2/categories/37.html]
[collegefest.com/_https_/collegefest.com/wp-content/uploads/2019/06/pasted-image-0-3-e1560536566200.png/index.html]
[collegefest.com/_https_/collegefest.com/where-to-stay-fit/index.html]
[collegefest.com/_https_/collegefest.com/wp-content/uploads/2019/06/queen-300x197.png/index.html]
[collegefest.com/_https_/en.wikipedia.org/wiki/St._Peter's_Fiesta/index.html]
[collegefest.com/wp-json/wp/v2/posts/1736.html]
[collegefest.com/indexb4b6.html]
[collegefest.com/wp-json/wp/v2/users/2.html]
[collegefest.com/_https_/collegefest.com/wp-content/uploads/2019/06/pasted-image-0-1-300x225.png/index.html]
[collegefest.com/_https_/collegefest.com/unique-events-boston/index.html]
[collegefest.com/_http_/www.tastyburger.com/tasty-burger-harvard-square/index.html]
[collegefest.com/_http_/preview.prudentialcenter.com/shop_college.html/index.html]
[collegefest.com/_http_/www.tossed.com/locations/boston/index.html]
[collegefest.com/_http_/thedraftbarandgrille.com/index.html]
[collegefest.com/_http_/gemboston.com/index.html]
[collegefest.com/_http_/phoenixlandingbar.com/index.html]
[collegefest.com/wp-json/wp/v2/posts/1805.html]
[collegefest.com/indexaf4f.html]
[collegefest.com/wp-json/wp/v2/categories/33.html]
[collegefest.com/_http_/clarkesboston.com/index.html]
[collegefest.com/_https_/collegefest.com/college-students-guide-dining-boston-copy/index.html]
[collegefest.com/_http_/www.brattlefilm.org/category/calendar-2/index.html]
[collegefest.com/_http_/www.mfa.org/membership/universities/index.html]
[collegefest.com/_http_/www.prudentialcenter.com/shop_college.html/index.html]
[collegefest.com/wp-json/wp/v2/posts/1145.html]
[collegefest.com/indexfdfc.html]
[collegefest.com/_http_/www.leicesterdrivein.net/index.html]
[collegefest.com/_https_/www.wellfleetcinemas.com/index.html]
[collegefest.com/_http_/www.northfielddrivein.com/index.html]
[collegefest.com/_https_/milforddrivein.com/index.html]
[collegefest.com/_https_/www.yourneighborhoodtheatre.com/index.html]
[collegefest.com/_http_/osv.org/index.html]
[collegefest.com/_https_/heritagemuseumsandgardens.org/index.html]
[collegefest.com/_https_/decordova.org/index.html]
[collegefest.com/_https_/collegefest.com/wp-content/uploads/2020/07/carson-beach-e1595018144708.jpg/index.html]
[collegefest.com/_http_/paddleboston.com/rentals/our-locations/boston-allston-brighton/index.html]
[collegefest.com/_https_/collegefest.com/wp-content/uploads/2020/07/site-105-area-6.jpg/index.html]
[collegefest.com/_https_/collegefest.com/wp-content/uploads/2020/07/one-pot-garden.jpg/index.html]
[collegefest.com/_https_/www.youtube.com/watch294b.html]
[collegefest.com/_https_/www.etsy.com/listing/729737939/travel-cutlery-set-zero-waste-utensilf32b.html]
[collegefest.com/_https_/www.yeti.com/en_US/drinkware/index.html]
[collegefest.com/_https_/www.amazon.com/Kootek-Portable-Lightweight-Parachute-Backpacking/dp/B0711S7V9T/ref=sr_1_2_sspaae9c.html]
[collegefest.com/_https_/www.yelp.com/search4bc6.html]
[collegefest.com/_https_/collegefest.com/wp-content/uploads/2020/02/east2018_d3_10_of_15-1024x683.jpg/index.html]
[collegefest.com/_https_/www.thebostoncalendar.com/events/3rd-annual-dr-seuss-birthday-celebration/index.html]
[collegefest.com/_https_/vinfen.org/events/moving-images/index.html]
[collegefest.com/_https_/www.eventbrite.com/e/stella-artois-leap-day-crawl-tickets-94014005421/index.html]
[collegefest.com/_https_/maam.massart.edu/visit/index.html]
[collegefest.com/_https_/www.bostonusa.com/event/support-chinatown-bingo/63962/index.html]
[collegefest.com/_https_/www.bostonusa.com/event/boston-black-restaurant-challenge/62702/index.html]
[collegefest.com/_https_/www.bostonusa.com/event/jazz-scene-in-boston_-telling-the-local-story/60617/index.html]
[collegefest.com/_https_/www.timeout.com/boston/things-to-do/best-ice-skating-rinks-in-boston/index.html]
[collegefest.com/_https_/east.paxsite.com/index.html]
[collegefest.com/wp-content/themes/eventum/fonts/glyphicons-halflings-regular.svg]
[collegefest.com/wp-content/themes/eventum/fonts/fontawesome-webfont78ce.svg]
[collegefest.com/wp-content/themes/eventum/fonts/star.svg]
[collegefest.com/wp-content/themes/eventum/fonts/WooCommerce.svg]
[collegefest.com/wp-content/themes/eventum/images/icons/credit-cards/visa.html]
[collegefest.com/wp-content/themes/eventum/images/icons/credit-cards/mastercard.html]
[collegefest.com/wp-content/themes/eventum/images/icons/credit-cards/laser.html]
[collegefest.com/wp-content/themes/eventum/images/icons/credit-cards/diners.html]
[collegefest.com/wp-content/themes/eventum/images/icons/credit-cards/maestro.html]
[collegefest.com/wp-content/themes/eventum/images/icons/credit-cards/jcb.html]
[collegefest.com/wp-content/themes/eventum/images/icons/credit-cards/amex.html]
[collegefest.com/wp-content/themes/eventum/images/icons/credit-cards/discover.html]
[collegefest.com/_https_/collegefest.com/wp-content/uploads/2022/01/College-Fest-2022.jpg/_/index-2.html]
[collegefest.com/_https_/collegefest.com/events/collegefest-philly/index.html]
[collegefest.com/_/events/collegefest-philly/_]
[collegefest.com/_http_/www.neaq.org/exhibits/index.html]
[collegefest.com/_https_/collegefest.com/wp-content/uploads/2021/07/phil1.jpg/_/index-2.html]
[collegefest.com/_https_/collegefest.com/wp-content/uploads/2017/06/Edited.jpg/_/index-2.html]
[collegefest.com/_https_/campusphilly.org/collegefest/index400f.html]
[collegefest.com/_https_/collegefest.com/wp-content/uploads/2017/07/when.png/_/index-2.html]
[collegefest.com/_https_/collegefest.com/wp-content/uploads/2017/07/whattobring.png/_/index-2.html]
[collegefest.com/_https_/collegefest.com/non-tourist-guide-touring-boston/index.html]
[collegefest.com/_https_/collegefest.com/wp-content/uploads/2017/07/direction1.png/_/index.html]
[collegefest.com/_/events/collegefest-philly/index.html]
[collegefest.com/_https_/campusphilly.org/2022/06/06/guide-to-philly-everything-you-need-to-know-about-being-a-student-in-philadelphia/index.html]
[collegefest.com/_https_/collegefest.com/wp-content/uploads/2017/07/location1.png/_/index-2.html]
[collegefest.com/_https_/collegefest2022.eventbrite.com/_]
[collegefest.com/_https_/collegefest.com/wp-content/uploads/2017/07/direction1.png/_/index-2.html]
[collegefest.com/_https_/collegefest.com/wp-content/uploads/2017/10/ARMY-ROTC_small-150x150.jpg/index.html]
[collegefest.com/_https_/collegefest.com/wp-content/uploads/2019/06/1455451149_logo-citizens-bank.png/index.html]
[collegefest.com/_https_/collegefest.com/wp-content/uploads/2022/08/Uneleap-splash-logo.2.png/index.html]
[collegefest.com/_https_/collegefest.com/wp-content/uploads/2022/08/DoorDash-Logo3-e1659382562190.png/index.html]
[collegefest.com/_/wp-content/uploads/2017/07/logo02.jpg/index.html]
[collegefest.com/_/wp-content/uploads/2017/06/1409005984jamn-w150h150.jpg/index.html]
[collegefest.com/_/wp-content/uploads/2017/06/1439842998101.7-the-bull-color-w150h150.png/index.html]
[collegefest.com/_https_/collegefest.com/wp-content/uploads/2022/08/Monster_Spatter_Claw-e1661874067929.png/index.html]
[collegefest.com/_/wp-content/uploads/2017/06/ghlogotyperedrgb.square-w150h150.png/index.html]
[collegefest.com/_/wp-content/uploads/2017/06/dkmslogo-w150h150.png/index.html]
[collegefest.com/_/wp-content/uploads/2017/07/logo01.jpg/index.html]
[collegefest.com/_/wp-content/uploads/2017/06/red-vice-logo-w150h150.png/index.html]
[collegefest.com/_/wp-content/uploads/2017/07/logo04.jpg/index.html]
[collegefest.com/_/wp-content/uploads/2017/07/logo03.jpg/index.html]
[collegefest.com/_/wp-content/uploads/2017/06/1439926575llbean-w150h150.jpg/index.html]
[collegefest.com/_https_/www.goarmy.com/rotc.html/index.html]
[collegefest.com/_https_/www.doordash.com/index.html]
[collegefest.com/_https_/www.studentuniverse.com/index.html]
[collegefest.com/_https_/www.whoop.com/index.html]
[collegefest.com/_https_/www.hiobs.org/index.html]
[collegefest.com/_https_/www.glowbos.com/index.html]
[collegefest.com/_https_/www.balancepatch.com/index.html]
[collegefest.com/_https_/www.plynkinvest.com/index.html]
[collegefest.com/_https_/oncampusnation.com/index.html]
[collegefest.com/_https_/www.goang.com/locations/massachusetts.html/index.html]
[collegefest.com/_https_/fire-ice.com/locations/boston-ma/index.html]
[collegefest.com/_https_/flookskin.com/index.html]
[collegefest.com/_https_/boston.broadway.com/index.html]
[collegefest.com/_https_/www.blueman.com/index.html]
[collegefest.com/_/index.html]
[collegefest.com/_https_/urbanteachers.org/index.html]
[collegefest.com/_https_/www.citizensbank.com/checking/student-checking.aspx/index.html]
[collegefest.com/_https_/home.uneleap.com/index.html]
[collegefest.com/_https_/www.iheart.com/index.html]
[collegefest.com/_https_/www.ufcgym.com/locations/boston-financial-district/index.html]
[collegefest.com/_https_/lesserevil.com/index.html]
[collegefest.com/_https_/www.monsterenergy.com/index.html]
[collegefest.com/_https_/www.dunkindonuts.com/en/index.html]
[collegefest.com/_https_/www.monsterenergy.com/products/java-monster/caffe-monster-mocha/index.html]
[collegefest.com/_https_/www.shopjozi.com/index.html]
[collegefest.com/_https_/www.massnationalguard.org/index.html]
[collegefest.com/_https_/www.bbbsmb.org/index.html]
[collegefest.com/_https_/www.bbb.org/index.html]
[collegefest.com/_https_/www.allwaysadream.com/index.html]
[collegefest.com/_https_/bethematch.org/index.html]
[collegefest.com/_https_/www.twenty.team/index.html]
[collegefest.com/_http_/kiss108.iheart.com/index.html]
[collegefest.com/_http_/thebull1017.iheart.com/index.html]
[collegefest.com/_https_/jamn945.iheart.com/index.html]
[collegefest.com/_http_/www.wachusett.com/index.html]
[collegefest.com/_http_/www.annastaqueria.com/index.html]
[collegefest.com/_https_/www.plannedparenthood.org/health-center/massachusetts/boston/02215/greater-boston-health-center-3293-90610/index.html]
[collegefest.com/_https_/peterpanbus.com/index.html]
[collegefest.com/_http_/us.vibram.com/index.html]
[collegefest.com/_https_/www.bowerypresents.com/boston/shows/index.html]
[collegefest.com/_https_/recruiting.army.mil/mrb/index.html]
[collegefest.com/_https_/slatemilk.com/index.html]
[collegefest.com/_https_/freezecrowd/index.html]
[collegefest.com/_https_/www.jcrew.com/s/teacher-student-discount/index.html]
[collegefest.com/_https_/www.amazon.com/index.html]
[collegefest.com/_https_/www.cheerupgames.com/index.html]
[collegefest.com/_https_/collegefest.com/fenway-park-sponsors/index.html]
[collegefest.com/_https_/collegefest.com/wp-content/uploads/2017/07/admission1.png/_/index-2.html]
[collegefest.com/_https_/collegefest2022.eventbrite.com/index.html]
[collegefest.com/_https_/www.boston.gov/sites/default/files/document-file-05-2017/2017_summer_guide.pdf/index.html]
[collegefest.com/wp-json/wp/v2/posts/1135.html]
[collegefest.com/index46e8.html]
[collegefest.com/_https_/previews.123rf.com/images/appalachianviews/appalachianviews1612/appalachianviews161200349/70062037-graffiti-alley-at-central-square-in-cambridge-massachusetts-.jpg/index.html]
[collegefest.com/_https_/www.bpl.org/locations/3/index.html]
[collegefest.com/_https_/www.brattlefilm.org/index.html]
[collegefest.com/_http_/www.commonwealthbooks.com/index.html]
[collegefest.com/_https_/www.rodneysbookstore.com/index.html]
[collegefest.com/_http_/ravencambridge.com/index.html]
[collegefest.com/_https_/www.brooklinebooksmith.com/index.html]
[collegefest.com/_https_/www.rarebook.com/index.html]
[collegefest.com/_https_/s3-media0.fl.yelpcdn.com/bphoto/-rqq4IJG3deaUEWewGQ7xg/o.jpg/index.html]
[collegefest.com/_https_/www.massgeneral.org/museum/exhibits/ether-dome/index.html]
[collegefest.com/_https_/waterworksmuseum.org/index.html]
[collegefest.com/_https_/www.bostonfiremuseum.com/index.html]
[collegefest.com/_https_/www.nps.gov/jofi/index.htm/index.html]
[collegefest.com/_https_/www.mbta.com/schedules/ferry/index.html]
[collegefest.com/_https_/www.arboretum.harvard.edu/silva-map-fall-2010-2/index.html]
[collegefest.com/_https_/www.compass.com/neighborhood-guides/boston/beacon-hill/index.html]
[collegefest.com/_https_/www.archdaily.com/114206/architecture-city-guide-boston/index.html]
[collegefest.com/_https_/www.timeout.com/boston/back-bay/index.html]
[collegefest.com/_https_/cdn10.bostonmagazine.com/wp-content/uploads/sites/2/2017/02/acorn-st-beacon-hill.jpg/index.html]
[collegefest.com/_https_/www.atlasobscura.com/places/the-dutch-house-brookline-massachusetts/index.html]
[collegefest.com/_https_/www.wheretraveler.com/boston/play/graffiti-alley/index.html]
[collegefest.com/_https_/collegefest.com/v-day-in-boston-on-a-budget/index.html]
[collegefest.com/_https_/paddleboston.com/about/about-paddle-boston/index.html]
[collegefest.com/_https_/collegefest.com/wp-content/uploads/2019/06/paddle.png/index.html]
[collegefest.com/_https_/www.thefreedomtrail.org/index.html]
[collegefest.com/_https_/collegefest.com/wp-content/uploads/2019/06/Freedom-Trail-1-1024x768.jpg/index.html]
[collegefest.com/_https_/www.neaq.org/index.html]
[collegefest.com/_https_/collegefest.com/wp-content/uploads/2019/06/NEAquarium.jpg/index.html]
[collegefest.com/_https_/www.bostonducktours.com/Tickets/indexc0d8.html]
[collegefest.com/_https_/collegefest.com/wp-content/uploads/2019/06/DuckTourBoston.agr_.jpg/index.html]
[collegefest.com/_https_/collegefest.com/fun-activities-to-do-in-boston-this-summer/index.html]
[collegefest.com/_https_/www.bspokestudios.com/studios/boston/index.html]
[collegefest.com/_https_/collegefest.com/wp-content/uploads/2019/06/bspoke-e1560536329322.jpg/index.html]
[collegefest.com/_https_/purebarre.com/index.html]
[collegefest.com/_http_/purebarre.com/locations/index.html]
[collegefest.com/_https_/collegefest.com/wp-content/uploads/2019/06/purebarrelarge-e1560536523994.jpg/index.html]
[collegefest.com/_https_/www.crossfitsouthie.com/index.html]
[collegefest.com/_https_/collegefest.com/wp-content/uploads/2019/06/pasted-image-0-3-e1560536566200.png/index.html]
[collegefest.com/_https_/collegefest.com/where-to-stay-fit/index.html]
[collegefest.com/_https_/collegefest.com/wp-content/uploads/2019/06/queen-300x197.png/index.html]
[collegefest.com/_https_/en.wikipedia.org/wiki/St._Peter's_Fiesta/index.html]
[collegefest.com/_https_/collegefest.com/wp-content/uploads/2019/06/pasted-image-0-1-300x225.png/index.html]
[collegefest.com/_https_/collegefest.com/unique-events-boston/index.html]
[collegefest.com/_http_/www.tastyburger.com/tasty-burger-harvard-square/index.html]
[collegefest.com/_http_/preview.prudentialcenter.com/shop_college.html/index.html]
[collegefest.com/_http_/www.tossed.com/locations/boston/index.html]
[collegefest.com/_http_/thedraftbarandgrille.com/index.html]
[collegefest.com/_http_/gemboston.com/index.html]
[collegefest.com/_http_/phoenixlandingbar.com/index.html]
[collegefest.com/_http_/clarkesboston.com/index.html]
[collegefest.com/_https_/collegefest.com/college-students-guide-dining-boston-copy/index.html]
[collegefest.com/_http_/www.brattlefilm.org/category/calendar-2/index.html]
[collegefest.com/_http_/www.mfa.org/membership/universities/index.html]
[collegefest.com/_http_/www.prudentialcenter.com/shop_college.html/index.html]
[collegefest.com/_http_/www.neaq.org/exhibits/index.html]
[collegefest.com/_https_/collegefest.com/non-tourist-guide-touring-boston/index.html]
[collegefest.com/_https_/www.sinclaircambridge.com/_]
[collegefest.com/_https_/thebostonartsfestival.com/index.html]
[collegefest.com/_https_/collegefest.com/wp-content/uploads/2016/01/upcoming-1-min.jpg/_/index-2.html]
[collegefest.com/_/events/collegefest-philly/index.html]
[collegefest.com/_https_/collegefest.com/wp-content/uploads/2017/07/location1.png/_/index-2.html]
[collegefest.com/_https_/collegefest.com/wp-content/uploads/2017/07/direction1.png/_/index-2.html]
[collegefest.com/_https_/collegefest.com/wp-content/uploads/2017/07/admission1.png/_/index-2.html]
[collegefest.com/_https_/collegefest2022.eventbrite.com/index.html]
[collegefest.com/_https_/www.boston.gov/sites/default/files/document-file-05-2017/2017_summer_guide.pdf/index.html]
[collegefest.com/_http_/www.smithsonianmag.com/museumday/venues/museum-day-live-2016/index0662.html]
[collegefest.com/_https_/collegefest.com/8-great-boston-events-fall/index.html]
[collegefest.com/_https_/thebostonartsfestival.com/index.html]
[collegefest.com/_https_/collegefest.com/8-great-boston-events-fall/index.html]
[collegefest.com/_https_/www.sinclaircambridge.com/index.html]
[collegefest.com/_http_/www.smithsonianmag.com/museumday/venues/museum-day-live-2016/index8017.html]
[collegefest.com/wp-json/wp/v2/posts/1855]
[collegefest.com/_https_/collegefest.com/events/boston/index.html]
[collegefest.com/_https_/www.instagram.com/collegefest/index.html]
[collegefest.com/wp-json/wp/v2/posts/1855]
[collegefest.com/_https_/www.sinclaircambridge.com/index.html]
[collegefest.com/_http_/www.smithsonianmag.com/museumday/venues/museum-day-live-2016/index8017.html]
[collegefest.com/_https_/collegefest.com/events/boston/index.html]
[collegefest.com/_https_/www.facebook.com/collegefest/index4e3c.html]
[collegefest.com/_https_/collegefest.com/wp-content/uploads/2019/08/college-fest-pic-1024x781.jpg/index.html]
[collegefest.com/_https_/www.instagram.com/collegefest/index.html]
[collegefest.com/_https_/collegefest19.eventbrite.com/index5167.html]
[collegefest.com/_https_/collegefest.com/the-biggest-back-to-school-party-of-the-year/index.html]
[collegefest.com/_https_/collegefest.com/wp-content/uploads/2019/08/college-fest-pic-1024x781.jpg/index.html]
[collegefest.com/_https_/collegefest.com/the-biggest-back-to-school-party-of-the-year/index.html]
[collegefest.com/_https_/www.bostonducktours.com/Tickets/index4665.html]
[collegefest.com/_https_/www.bostonducktours.com/Tickets/index4665.html]
[collegefest.com/_https_/www.facebook.com/collegefest/index8cce.html]
[collegefest.com/_https_/www.facebook.com/collegefest/index8cce.html]
[collegefest.com/_https_/collegefest19.eventbrite.com/indexa143.html]
[collegefest.com/_https_/collegefest19.eventbrite.com/indexa143.html]
